Archive member included to satisfy reference by file (symbol)

c:/st/stm32cubeide_1.4.0/stm32cubeide/plugins/com.st.stm32cube.ide.mcu.externaltools.gnu-tools-for-stm32.10.3-2021.10.win32_1.0.100.202210260954/tools/bin/../lib/gcc/arm-none-eabi/10.3.1/../../../../arm-none-eabi/lib/thumb/v6-m/nofp\libc_nano.a(lib_a-errno.o)
                              ./Core/Src/syscalls.o (__errno)
c:/st/stm32cubeide_1.4.0/stm32cubeide/plugins/com.st.stm32cube.ide.mcu.externaltools.gnu-tools-for-stm32.10.3-2021.10.win32_1.0.100.202210260954/tools/bin/../lib/gcc/arm-none-eabi/10.3.1/../../../../arm-none-eabi/lib/thumb/v6-m/nofp\libc_nano.a(lib_a-exit.o)
                              c:/st/stm32cubeide_1.4.0/stm32cubeide/plugins/com.st.stm32cube.ide.mcu.externaltools.gnu-tools-for-stm32.10.3-2021.10.win32_1.0.100.202210260954/tools/bin/../lib/gcc/arm-none-eabi/10.3.1/../../../../arm-none-eabi/lib/thumb/v6-m/nofp/crt0.o (exit)
c:/st/stm32cubeide_1.4.0/stm32cubeide/plugins/com.st.stm32cube.ide.mcu.externaltools.gnu-tools-for-stm32.10.3-2021.10.win32_1.0.100.202210260954/tools/bin/../lib/gcc/arm-none-eabi/10.3.1/../../../../arm-none-eabi/lib/thumb/v6-m/nofp\libc_nano.a(lib_a-impure.o)
                              c:/st/stm32cubeide_1.4.0/stm32cubeide/plugins/com.st.stm32cube.ide.mcu.externaltools.gnu-tools-for-stm32.10.3-2021.10.win32_1.0.100.202210260954/tools/bin/../lib/gcc/arm-none-eabi/10.3.1/../../../../arm-none-eabi/lib/thumb/v6-m/nofp\libc_nano.a(lib_a-exit.o) (_global_impure_ptr)
c:/st/stm32cubeide_1.4.0/stm32cubeide/plugins/com.st.stm32cube.ide.mcu.externaltools.gnu-tools-for-stm32.10.3-2021.10.win32_1.0.100.202210260954/tools/bin/../lib/gcc/arm-none-eabi/10.3.1/../../../../arm-none-eabi/lib/thumb/v6-m/nofp\libc_nano.a(lib_a-init.o)
                              c:/st/stm32cubeide_1.4.0/stm32cubeide/plugins/com.st.stm32cube.ide.mcu.externaltools.gnu-tools-for-stm32.10.3-2021.10.win32_1.0.100.202210260954/tools/bin/../lib/gcc/arm-none-eabi/10.3.1/../../../../arm-none-eabi/lib/thumb/v6-m/nofp/crt0.o (__libc_init_array)
c:/st/stm32cubeide_1.4.0/stm32cubeide/plugins/com.st.stm32cube.ide.mcu.externaltools.gnu-tools-for-stm32.10.3-2021.10.win32_1.0.100.202210260954/tools/bin/../lib/gcc/arm-none-eabi/10.3.1/../../../../arm-none-eabi/lib/thumb/v6-m/nofp\libc_nano.a(lib_a-memset.o)
                              c:/st/stm32cubeide_1.4.0/stm32cubeide/plugins/com.st.stm32cube.ide.mcu.externaltools.gnu-tools-for-stm32.10.3-2021.10.win32_1.0.100.202210260954/tools/bin/../lib/gcc/arm-none-eabi/10.3.1/../../../../arm-none-eabi/lib/thumb/v6-m/nofp/crt0.o (memset)
c:/st/stm32cubeide_1.4.0/stm32cubeide/plugins/com.st.stm32cube.ide.mcu.externaltools.gnu-tools-for-stm32.10.3-2021.10.win32_1.0.100.202210260954/tools/bin/../lib/gcc/arm-none-eabi/10.3.1/thumb/v6-m/nofp\libgcc.a(_udivsi3.o)
                              ./Core/Src/BME280.o (__aeabi_uidiv)
c:/st/stm32cubeide_1.4.0/stm32cubeide/plugins/com.st.stm32cube.ide.mcu.externaltools.gnu-tools-for-stm32.10.3-2021.10.win32_1.0.100.202210260954/tools/bin/../lib/gcc/arm-none-eabi/10.3.1/thumb/v6-m/nofp\libgcc.a(_dvmd_tls.o)
                              c:/st/stm32cubeide_1.4.0/stm32cubeide/plugins/com.st.stm32cube.ide.mcu.externaltools.gnu-tools-for-stm32.10.3-2021.10.win32_1.0.100.202210260954/tools/bin/../lib/gcc/arm-none-eabi/10.3.1/thumb/v6-m/nofp\libgcc.a(_udivsi3.o) (__aeabi_idiv0)
c:/st/stm32cubeide_1.4.0/stm32cubeide/plugins/com.st.stm32cube.ide.mcu.externaltools.gnu-tools-for-stm32.10.3-2021.10.win32_1.0.100.202210260954/tools/bin/../lib/gcc/arm-none-eabi/10.3.1/thumb/v6-m/nofp\libgcc.a(_aeabi_ldivmod.o)
                              ./Core/Src/BME280.o (__aeabi_ldivmod)
c:/st/stm32cubeide_1.4.0/stm32cubeide/plugins/com.st.stm32cube.ide.mcu.externaltools.gnu-tools-for-stm32.10.3-2021.10.win32_1.0.100.202210260954/tools/bin/../lib/gcc/arm-none-eabi/10.3.1/thumb/v6-m/nofp\libgcc.a(_muldi3.o)
                              ./Core/Src/BME280.o (__aeabi_lmul)
c:/st/stm32cubeide_1.4.0/stm32cubeide/plugins/com.st.stm32cube.ide.mcu.externaltools.gnu-tools-for-stm32.10.3-2021.10.win32_1.0.100.202210260954/tools/bin/../lib/gcc/arm-none-eabi/10.3.1/thumb/v6-m/nofp\libgcc.a(bpabi.o)
                              c:/st/stm32cubeide_1.4.0/stm32cubeide/plugins/com.st.stm32cube.ide.mcu.externaltools.gnu-tools-for-stm32.10.3-2021.10.win32_1.0.100.202210260954/tools/bin/../lib/gcc/arm-none-eabi/10.3.1/thumb/v6-m/nofp\libgcc.a(_aeabi_ldivmod.o) (__gnu_ldivmod_helper)
c:/st/stm32cubeide_1.4.0/stm32cubeide/plugins/com.st.stm32cube.ide.mcu.externaltools.gnu-tools-for-stm32.10.3-2021.10.win32_1.0.100.202210260954/tools/bin/../lib/gcc/arm-none-eabi/10.3.1/thumb/v6-m/nofp\libgcc.a(divsf3.o)
                              ./Core/Src/BME280.o (__aeabi_fdiv)
c:/st/stm32cubeide_1.4.0/stm32cubeide/plugins/com.st.stm32cube.ide.mcu.externaltools.gnu-tools-for-stm32.10.3-2021.10.win32_1.0.100.202210260954/tools/bin/../lib/gcc/arm-none-eabi/10.3.1/thumb/v6-m/nofp\libgcc.a(floatsisf.o)
[...]
Memory Configuration

Name             Origin             Length             Attributes
RAM              0x0000000020000000 0x0000000000001000 xrw
FLASH            0x0000000008000000 0x0000000000008000 xr
*default*        0x0000000000000000 0xffffffffffffffff

Linker script and memory map

LOAD c:/st/stm32cubeide_1.4.0/stm32cubeide/plugins/com.st.stm32cube.ide.mcu.externaltools.gnu-tools-for-stm32.10.3-2021.10.win32_1.0.100.202210260954/tools/bin/../lib/gcc/arm-none-eabi/10.3.1/thumb/v6-m/nofp/crti.o
LOAD c:/st/stm32cubeide_1.4.0/stm32cubeide/plugins/com.st.stm32cube.ide.mcu.externaltools.gnu-tools-for-stm32.10.3-2021.10.win32_1.0.100.202210260954/tools/bin/../lib/gcc/arm-none-eabi/10.3.1/thumb/v6-m/nofp/crtbegin.o
LOAD c:/st/stm32cubeide_1.4.0/stm32cubeide/plugins/com.st.stm32cube.ide.mcu.externaltools.gnu-tools-for-stm32.10.3-2021.10.win32_1.0.100.202210260954/tools/bin/../lib/gcc/arm-none-eabi/10.3.1/../../../../arm-none-eabi/lib/thumb/v6-m/nofp/crt0.o
LOAD ./Core/Src/BME280.o
LOAD ./Core/Src/NRF24.o
LOAD ./Core/Src/gpio.o
LOAD ./Core/Src/i2c.o
LOAD ./Core/Src/main.o
LOAD ./Core/Src/spi.o
LOAD ./Core/Src/stm32f0xx_hal_msp.o
LOAD ./Core/Src/stm32f0xx_it.o
LOAD ./Core/Src/syscalls.o
LOAD ./Core/Src/sysmem.o
LOAD ./Core/Src/system_stm32f0xx.o
LOAD ./Core/Startup/startup_stm32f030k6tx.o
LOAD ./Drivers/STM32F0xx_HAL_Driver/Src/stm32f0xx_hal.o
LOAD ./Drivers/STM32F0xx_HAL_Driver/Src/stm32f0xx_hal_cortex.o
LOAD ./Drivers/STM32F0xx_HAL_Driver/Src/stm32f0xx_hal_dma.o
LOAD ./Drivers/STM32F0xx_HAL_Driver/Src/stm32f0xx_hal_exti.o
LOAD ./Drivers/STM32F0xx_HAL_Driver/Src/stm32f0xx_hal_flash.o
LOAD ./Drivers/STM32F0xx_HAL_Driver/Src/stm32f0xx_hal_flash_ex.o
LOAD ./Drivers/STM32F0xx_HAL_Driver/Src/stm32f0xx_hal_gpio.o
LOAD ./Drivers/STM32F0xx_HAL_Driver/Src/stm32f0xx_hal_i2c.o
LOAD ./Drivers/STM32F0xx_HAL_Driver/Src/stm32f0xx_hal_i2c_ex.o
LOAD ./Drivers/STM32F0xx_HAL_Driver/Src/stm32f0xx_hal_pwr.o
LOAD ./Drivers/STM32F0xx_HAL_Driver/Src/stm32f0xx_hal_pwr_ex.o
LOAD ./Drivers/STM32F0xx_HAL_Driver/Src/stm32f0xx_hal_rcc.o
LOAD ./Drivers/STM32F0xx_HAL_Driver/Src/stm32f0xx_hal_rcc_ex.o
LOAD ./Drivers/STM32F0xx_HAL_Driver/Src/stm32f0xx_hal_spi.o
LOAD ./Drivers/STM32F0xx_HAL_Driver/Src/stm32f0xx_hal_spi_ex.o
LOAD ./Drivers/STM32F0xx_HAL_Driver/Src/stm32f0xx_hal_tim.o
LOAD ./Drivers/STM32F0xx_HAL_Driver/Src/stm32f0xx_hal_tim_ex.o
START GROUP
LOAD c:/st/stm32cubeide_1.4.0/stm32cubeide/plugins/com.st.stm32cube.ide.mcu.externaltools.gnu-tools-for-stm32.10.3-2021.10.win32_1.0.100.202210260954/tools/bin/../lib/gcc/arm-none-eabi/10.3.1/../../../../arm-none-eabi/lib/thumb/v6-m/nofp\libc_nano.a
LOAD c:/st/stm32cubeide_1.4.0/stm32cubeide/plugins/com.st.stm32cube.ide.mcu.externaltools.gnu-tools-for-stm32.10.3-2021.10.win32_1.0.100.202210260954/tools/bin/../lib/gcc/arm-none-eabi/10.3.1/../../../../arm-none-eabi/lib/thumb/v6-m/nofp\libm.a
END GROUP
START GROUP
LOAD c:/st/stm32cubeide_1.4.0/stm32cubeide/plugins/com.st.stm32cube.ide.mcu.externaltools.gnu-tools-for-stm32.10.3-2021.10.win32_1.0.100.202210260954/tools/bin/../lib/gcc/arm-none-eabi/10.3.1/thumb/v6-m/nofp\libgcc.a
LOAD c:/st/stm32cubeide_1.4.0/stm32cubeide/plugins/com.st.stm32cube.ide.mcu.externaltools.gnu-tools-for-stm32.10.3-2021.10.win32_1.0.100.202210260954/tools/bin/../lib/gcc/arm-none-eabi/10.3.1/../../../../arm-none-eabi/lib/thumb/v6-m/nofp\libc_nano.a
END GROUP
START GROUP
LOAD c:/st/stm32cubeide_1.4.0/stm32cubeide/plugins/com.st.stm32cube.ide.mcu.externaltools.gnu-tools-for-stm32.10.3-2021.10.win32_1.0.100.202210260954/tools/bin/../lib/gcc/arm-none-eabi/10.3.1/thumb/v6-m/nofp\libgcc.a
LOAD c:/st/stm32cubeide_1.4.0/stm32cubeide/plugins/com.st.stm32cube.ide.mcu.externaltools.gnu-tools-for-stm32.10.3-2021.10.win32_1.0.100.202210260954/tools/bin/../lib/gcc/arm-none-eabi/10.3.1/../../../../arm-none-eabi/lib/thumb/v6-m/nofp\libc_nano.a
LOAD c:/st/stm32cubeide_1.4.0/stm32cubeide/plugins/com.st.stm32cube.ide.mcu.externaltools.gnu-tools-for-stm32.10.3-2021.10.win32_1.0.100.202210260954/tools/bin/../lib/gcc/arm-none-eabi/10.3.1/../../../../arm-none-eabi/lib/thumb/v6-m/nofp\libnosys.a
END GROUP
START GROUP
LOAD c:/st/stm32cubeide_1.4.0/stm32cubeide/plugins/com.st.stm32cube.ide.mcu.externaltools.gnu-tools-for-stm32.10.3-2021.10.win32_1.0.100.202210260954/tools/bin/../lib/gcc/arm-none-eabi/10.3.1/thumb/v6-m/nofp\libgcc.a
LOAD c:/st/stm32cubeide_1.4.0/stm32cubeide/plugins/com.st.stm32cube.ide.mcu.externaltools.gnu-tools-for-stm32.10.3-2021.10.win32_1.0.100.202210260954/tools/bin/../lib/gcc/arm-none-eabi/10.3.1/../../../../arm-none-eabi/lib/thumb/v6-m/nofp\libc_nano.a
LOAD c:/st/stm32cubeide_1.4.0/stm32cubeide/plugins/com.st.stm32cube.ide.mcu.externaltools.gnu-tools-for-stm32.10.3-2021.10.win32_1.0.100.202210260954/tools/bin/../lib/gcc/arm-none-eabi/10.3.1/../../../../arm-none-eabi/lib/thumb/v6-m/nofp\libnosys.a
END GROUP
LOAD c:/st/stm32cubeide_1.4.0/stm32cubeide/plugins/com.st.stm32cube.ide.mcu.externaltools.gnu-tools-for-stm32.10.3-2021.10.win32_1.0.100.202210260954/tools/bin/../lib/gcc/arm-none-eabi/10.3.1/thumb/v6-m/nofp/crtend.o
LOAD c:/st/stm32cubeide_1.4.0/stm32cubeide/plugins/com.st.stm32cube.ide.mcu.externaltools.gnu-tools-for-stm32.10.3-2021.10.win32_1.0.100.202210260954/tools/bin/../lib/gcc/arm-none-eabi/10.3.1/thumb/v6-m/nofp/crtn.o
                0x0000000020001000                _estack = (ORIGIN (RAM) + LENGTH (RAM))
                0x0000000000000200                _Min_Heap_Size = 0x200
                0x0000000000000400                _Min_Stack_Size = 0x400

.isr_vector     0x0000000008000000       0xc0
                0x0000000008000000                . = ALIGN (0x4)
 *(.isr_vector)
 .isr_vector    0x0000000008000000       0xc0 ./Core/Startup/startup_stm32f030k6tx.o
                0x0000000008000000                g_pfnVectors
                0x00000000080000c0                . = ALIGN (0x4)

.text           0x00000000080000c0     0x45e8
                0x00000000080000c0                . = ALIGN (0x4)
 *(.text)
 .text          0x00000000080000c0       0x48 c:/st/stm32cubeide_1.4.0/stm32cubeide/plugins/com.st.stm32cube.ide.mcu.externaltools.gnu-tools-for-stm32.10.3-2021.10.win32_1.0.100.202210260954/tools/bin/../lib/gcc/arm-none-eabi/10.3.1/thumb/v6-m/nofp/crtbegin.o
 .text          0x0000000008000108      0x114 c:/st/stm32cubeide_1.4.0/stm32cubeide/plugins/com.st.stm32cube.ide.mcu.externaltools.gnu-tools-for-stm32.10.3-2021.10.win32_1.0.100.202210260954/tools/bin/../lib/gcc/arm-none-eabi/10.3.1/thumb/v6-m/nofp\libgcc.a(_udivsi3.o)
                0x0000000008000108                __aeabi_uidiv
                0x0000000008000108                __udivsi3
                0x0000000008000214                __aeabi_uidivmod
 .text          0x000000000800021c        0x4 c:/st/stm32cubeide_1.4.0/stm32cubeide/plugins/com.st.stm32cube.ide.mcu.externaltools.gnu-tools-for-stm32.10.3-2021.10.win32_1.0.100.202210260954/tools/bin/../lib/gcc/arm-none-eabi/10.3.1/thumb/v6-m/nofp\libgcc.a(_dvmd_tls.o)
                0x000000000800021c                __aeabi_idiv0
                0x000000000800021c                __aeabi_ldiv0
 .text          0x0000000008000220       0x48 c:/st/stm32cubeide_1.4.0/stm32cubeide/plugins/com.st.stm32cube.ide.mcu.externaltools.gnu-tools-for-stm32.10.3-2021.10.win32_1.0.100.202210260954/tools/bin/../lib/gcc/arm-none-eabi/10.3.1/thumb/v6-m/nofp\libgcc.a(_aeabi_ldivmod.o)
                0x0000000008000220                __aeabi_ldivmod
 .text          0x0000000008000268       0x5c c:/st/stm32cubeide_1.4.0/stm32cubeide/plugins/com.st.stm32cube.ide.mcu.externaltools.gnu-tools-for-stm32.10.3-2021.10.win32_1.0.100.202210260954/tools/bin/../lib/gcc/arm-none-eabi/10.3.1/thumb/v6-m/nofp\libgcc.a(_muldi3.o)
                0x0000000008000268                __muldi3
                0x0000000008000268                __aeabi_lmul
 .text          0x00000000080002c4       0x3c c:/st/stm32cubeide_1.4.0/stm32cubeide/plugins/com.st.stm32cube.ide.mcu.externaltools.gnu-tools-for-stm32.10.3-2021.10.win32_1.0.100.202210260954/tools/bin/../lib/gcc/arm-none-eabi/10.3.1/thumb/v6-m/nofp\libgcc.a(bpabi.o)
                0x00000000080002c4                __gnu_ldivmod_helper
 .text          0x0000000008000300      0x230 c:/st/stm32cubeide_1.4.0/stm32cubeide/plugins/com.st.stm32cube.ide.mcu.externaltools.gnu-tools-for-stm32.10.3-2021.10.win32_1.0.100.202210260954/tools/bin/../lib/gcc/arm-none-eabi/10.3.1/thumb/v6-m/nofp\libgcc.a(divsf3.o)
                0x0000000008000300                __aeabi_fdiv
 .text          0x0000000008000530       0x9c c:/st/stm32cubeide_1.4.0/stm32cubeide/plugins/com.st.stm32cube.ide.mcu.externaltools.gnu-tools-for-stm32.10.3-2021.10.win32_1.0.100.202210260954/tools/bin/../lib/gcc/arm-none-eabi/10.3.1/thumb/v6-m/nofp\libgcc.a(floatsisf.o)
                0x0000000008000530                __aeabi_i2f
 .text          0x00000000080005cc       0x3c c:/st/stm32cubeide_1.4.0/stm32cubeide/plugins/com.st.stm32cube.ide.mcu.externaltools.gnu-tools-for-stm32.10.3-2021.10.win32_1.0.100.202210260954/tools/bin/../lib/gcc/arm-none-eabi/10.3.1/thumb/v6-m/nofp\libgcc.a(_clzsi2.o)
                0x00000000080005cc                __clzsi2
 .text          0x0000000008000608      0x1cc c:/st/stm32cubeide_1.4.0/stm32cubeide/plugins/com.st.stm32cube.ide.mcu.externaltools.gnu-tools-for-stm32.10.3-2021.10.win32_1.0.100.202210260954/tools/bin/../lib/gcc/arm-none-eabi/10.3.1/thumb/v6-m/nofp\libgcc.a(_divdi3.o)
                0x0000000008000608                __divdi3
 .text          0x00000000080007d4       0x18 c:/st/stm32cubeide_1.4.0/stm32cubeide/plugins/com.st.stm32cube.ide.mcu.externaltools.gnu-tools-for-stm32.10.3-2021.10.win32_1.0.100.202210260954/tools/bin/../lib/gcc/arm-none-eabi/10.3.1/thumb/v6-m/nofp\libgcc.a(_clzdi2.o)
                0x00000000080007d4                __clzdi2
 *(.text*)
 .text.I2Cx_WriteData
                0x00000000080007ec       0x6c ./Core/Src/BME280.o
 .text.I2Cx_ReadData
                0x0000000008000858       0x6c ./Core/Src/BME280.o
 .text.I2Cx_ReadData16
                0x00000000080008c4       0x60 ./Core/Src/BME280.o
 .text.I2Cx_ReadData24
                0x0000000008000924       0x60 ./Core/Src/BME280.o
 .text.BME280_WriteReg
                0x0000000008000984       0x2a ./Core/Src/BME280.o
                0x0000000008000984                BME280_WriteReg
 .text.BME280_ReadReg
                0x00000000080009ae       0x2c ./Core/Src/BME280.o
                0x00000000080009ae                BME280_ReadReg
 .text.BME280_ReadReg_U16
                0x00000000080009da       0x24 ./Core/Src/BME280.o
                0x00000000080009da                BME280_ReadReg_U16
 .text.BME280_ReadReg_S16
                0x00000000080009fe       0x24 ./Core/Src/BME280.o
                0x00000000080009fe                BME280_ReadReg_S16
 .text.BME280_ReadReg_BE_U24
                0x0000000008000a22       0x50 ./Core/Src/BME280.o
                0x0000000008000a22                BME280_ReadReg_BE_U24
 .text.BME280_ReadStatus
                0x0000000008000a72       0x24 ./Core/Src/BME280.o
                0x0000000008000a72                BME280_ReadStatus
 *fill*         0x0000000008000a96        0x2 
 .text.BME280_ReadCoefficients
                0x0000000008000a98       0xb4 ./Core/Src/BME280.o
                0x0000000008000a98                BME280_ReadCoefficients
 .text.BME280_SetStandby
                0x0000000008000b4c       0x4e ./Core/Src/BME280.o
                0x0000000008000b4c                BME280_SetStandby
 .text.BME280_SetFilter
                0x0000000008000b9a       0x50 ./Core/Src/BME280.o
                0x0000000008000b9a                BME280_SetFilter
 .text.BME280_SetOversamplingTemper
                0x0000000008000bea       0x4e ./Core/Src/BME280.o
                0x0000000008000bea                BME280_SetOversamplingTemper
 .text.BME280_SetOversamplingPressure
                0x0000000008000c38       0x50 ./Core/Src/BME280.o
                0x0000000008000c38                BME280_SetOversamplingPressure
 .text.BME280_SetMode
                0x0000000008000c88       0x50 ./Core/Src/BME280.o
                0x0000000008000c88                BME280_SetMode
 .text.BME280_ReadTemperature
                0x0000000008000cd8       0xa0 ./Core/Src/BME280.o
                0x0000000008000cd8                BME280_ReadTemperature
 .text.BME280_ReadPressure
                0x0000000008000d78      0x404 ./Core/Src/BME280.o
                0x0000000008000d78                BME280_ReadPressure
 .text.BME280_GetStatus
                0x000000000800117c       0x14 ./Core/Src/BME280.o
                0x000000000800117c                BME280_GetStatus
 .text.BME280_Init
                0x0000000008001190       0x70 ./Core/Src/BME280.o
                0x0000000008001190                BME280_Init
 .text.DelayMicro
                0x0000000008001200       0x3c ./Core/Src/NRF24.o
 .text.NRF24_ReadReg
                0x000000000800123c       0x7c ./Core/Src/NRF24.o
                0x000000000800123c                NRF24_ReadReg
 .text.NRF24_WriteReg
                0x00000000080012b8       0x68 ./Core/Src/NRF24.o
                0x00000000080012b8                NRF24_WriteReg
 .text.NRF24_ToggleFeatures
                0x0000000008001320       0x68 ./Core/Src/NRF24.o
                0x0000000008001320                NRF24_ToggleFeatures
 .text.NRF24_Read_Buf
                0x0000000008001388       0x64 ./Core/Src/NRF24.o
                0x0000000008001388                NRF24_Read_Buf
 .text.NRF24_Write_Buf
                0x00000000080013ec       0x78 ./Core/Src/NRF24.o
                0x00000000080013ec                NRF24_Write_Buf
 .text.NRF24_FlushRX
                0x0000000008001464       0x54 ./Core/Src/NRF24.o
                0x0000000008001464                NRF24_FlushRX
 .text.NRF24_FlushTX
                0x00000000080014b8       0x54 ./Core/Src/NRF24.o
                0x00000000080014b8                NRF24_FlushTX
 .text.NRF24L01_RX_Mode
                0x000000000800150c       0x56 ./Core/Src/NRF24.o
                0x000000000800150c                NRF24L01_RX_Mode
 *fill*         0x0000000008001562        0x2 
 .text.NRF24L01_Receive
                0x0000000008001564       0x54 ./Core/Src/NRF24.o
                0x0000000008001564                NRF24L01_Receive
 .text.NRF24L01_IT
                0x00000000080015b8       0x5c ./Core/Src/NRF24.o
                0x00000000080015b8                NRF24L01_IT
 .text.NRF24_ini
                0x0000000008001614       0xa4 ./Core/Src/NRF24.o
                0x0000000008001614                NRF24_ini
 .text.MX_GPIO_Init
                0x00000000080016b8      0x128 ./Core/Src/gpio.o
                0x00000000080016b8                MX_GPIO_Init
 .text.MX_I2C1_Init
                0x00000000080017e0       0x80 ./Core/Src/i2c.o
                0x00000000080017e0                MX_I2C1_Init
 .text.HAL_I2C_MspInit
                0x0000000008001860       0x9c ./Core/Src/i2c.o
                0x0000000008001860                HAL_I2C_MspInit
 .text.main     0x00000000080018fc       0x88 ./Core/Src/main.o
                0x00000000080018fc                main
 .text.SystemClock_Config
                0x0000000008001984       0xbe ./Core/Src/main.o
                0x0000000008001984                SystemClock_Config
 .text.HAL_GPIO_EXTI_Callback
                0x0000000008001a42       0x20 ./Core/Src/main.o
                0x0000000008001a42                HAL_GPIO_EXTI_Callback
 .text.Error_Handler
                0x0000000008001a62        0xa ./Core/Src/main.o
                0x0000000008001a62                Error_Handler
 .text.MX_SPI1_Init
                0x0000000008001a6c       0x7c ./Core/Src/spi.o
                0x0000000008001a6c                MX_SPI1_Init
 .text.HAL_SPI_MspInit
                0x0000000008001ae8       0x98 ./Core/Src/spi.o
                0x0000000008001ae8                HAL_SPI_MspInit
 .text.HAL_MspInit
                0x0000000008001b80       0x48 ./Core/Src/stm32f0xx_hal_msp.o
                0x0000000008001b80                HAL_MspInit
 .text.NMI_Handler
                0x0000000008001bc8        0x6 ./Core/Src/stm32f0xx_it.o
                0x0000000008001bc8                NMI_Handler
 .text.HardFault_Handler
                0x0000000008001bce        0x6 ./Core/Src/stm32f0xx_it.o
                0x0000000008001bce                HardFault_Handler
 .text.SVC_Handler
                0x0000000008001bd4        0xa ./Core/Src/stm32f0xx_it.o
                0x0000000008001bd4                SVC_Handler
 .text.PendSV_Handler
                0x0000000008001bde        0xa ./Core/Src/stm32f0xx_it.o
                0x0000000008001bde                PendSV_Handler
 .text.SysTick_Handler
                0x0000000008001be8        0xe ./Core/Src/stm32f0xx_it.o
                0x0000000008001be8                SysTick_Handler
 .text.EXTI0_1_IRQHandler
                0x0000000008001bf6       0x10 ./Core/Src/stm32f0xx_it.o
                0x0000000008001bf6                EXTI0_1_IRQHandler
 .text.SystemInit
                0x0000000008001c06        0xa ./Core/Src/system_stm32f0xx.o
                0x0000000008001c06                SystemInit
 .text.Reset_Handler
                0x0000000008001c10       0x50 ./Core/Startup/startup_stm32f030k6tx.o
                0x0000000008001c10                Reset_Handler
 .text.Default_Handler
                0x0000000008001c60        0x2 ./Core/Startup/startup_stm32f030k6tx.o
                0x0000000008001c60                TIM1_CC_IRQHandler
                0x0000000008001c60                I2C1_IRQHandler
                0x0000000008001c60                SPI1_IRQHandler
                0x0000000008001c60                EXTI2_3_IRQHandler
                0x0000000008001c60                ADC1_IRQHandler
                0x0000000008001c60                TIM17_IRQHandler
                0x0000000008001c60                RTC_IRQHandler
                0x0000000008001c60                TIM16_IRQHandler
                0x0000000008001c60                TIM3_IRQHandler
                0x0000000008001c60                EXTI4_15_IRQHandler
                0x0000000008001c60                RCC_IRQHandler
                0x0000000008001c60                DMA1_Channel1_IRQHandler
                0x0000000008001c60                Default_Handler
                0x0000000008001c60                TIM14_IRQHandler
                0x0000000008001c60                DMA1_Channel4_5_IRQHandler
                0x0000000008001c60                WWDG_IRQHandler
                0x0000000008001c60                DMA1_Channel2_3_IRQHandler
                0x0000000008001c60                FLASH_IRQHandler
                0x0000000008001c60                USART1_IRQHandler
                0x0000000008001c60                TIM1_BRK_UP_TRG_COM_IRQHandler
 *fill*         0x0000000008001c62        0x2 
 .text.HAL_Init
                0x0000000008001c64       0x28 ./Drivers/STM32F0xx_HAL_Driver/Src/stm32f0xx_hal.o
                0x0000000008001c64                HAL_Init
 .text.HAL_InitTick
                0x0000000008001c8c       0x68 ./Drivers/STM32F0xx_HAL_Driver/Src/stm32f0xx_hal.o
                0x0000000008001c8c                HAL_InitTick
 .text.HAL_IncTick
                0x0000000008001cf4       0x24 ./Drivers/STM32F0xx_HAL_Driver/Src/stm32f0xx_hal.o
                0x0000000008001cf4                HAL_IncTick
 .text.HAL_GetTick
                0x0000000008001d18       0x14 ./Drivers/STM32F0xx_HAL_Driver/Src/stm32f0xx_hal.o
                0x0000000008001d18                HAL_GetTick
 .text.__NVIC_EnableIRQ
                0x0000000008001d2c       0x34 ./Drivers/STM32F0xx_HAL_Driver/Src/stm32f0xx_hal_cortex.o
 .text.__NVIC_SetPriority
                0x0000000008001d60       0xdc ./Drivers/STM32F0xx_HAL_Driver/Src/stm32f0xx_hal_cortex.o
 .text.SysTick_Config
                0x0000000008001e3c       0x48 ./Drivers/STM32F0xx_HAL_Driver/Src/stm32f0xx_hal_cortex.o
 .text.HAL_NVIC_SetPriority
                0x0000000008001e84       0x2a ./Drivers/STM32F0xx_HAL_Driver/Src/stm32f0xx_hal_cortex.o
                0x0000000008001e84                HAL_NVIC_SetPriority
 .text.HAL_NVIC_EnableIRQ
                0x0000000008001eae       0x20 ./Drivers/STM32F0xx_HAL_Driver/Src/stm32f0xx_hal_cortex.o
                0x0000000008001eae                HAL_NVIC_EnableIRQ
 .text.HAL_SYSTICK_Config
                0x0000000008001ece       0x1a ./Drivers/STM32F0xx_HAL_Driver/Src/stm32f0xx_hal_cortex.o
                0x0000000008001ece                HAL_SYSTICK_Config
 .text.HAL_GPIO_Init
                0x0000000008001ee8      0x2e0 ./Drivers/STM32F0xx_HAL_Driver/Src/stm32f0xx_hal_gpio.o
                0x0000000008001ee8                HAL_GPIO_Init
 .text.HAL_GPIO_WritePin
                0x00000000080021c8       0x3a ./Drivers/STM32F0xx_HAL_Driver/Src/stm32f0xx_hal_gpio.o
                0x00000000080021c8                HAL_GPIO_WritePin
 *fill*         0x0000000008002202        0x2 
 .text.HAL_GPIO_EXTI_IRQHandler
                0x0000000008002204       0x38 ./Drivers/STM32F0xx_HAL_Driver/Src/stm32f0xx_hal_gpio.o
                0x0000000008002204                HAL_GPIO_EXTI_IRQHandler
 .text.HAL_I2C_Init
                0x000000000800223c      0x12c ./Drivers/STM32F0xx_HAL_Driver/Src/stm32f0xx_hal_i2c.o
                0x000000000800223c                HAL_I2C_Init
 .text.HAL_I2C_Mem_Write
                0x0000000008002368      0x25c ./Drivers/STM32F0xx_HAL_Driver/Src/stm32f0xx_hal_i2c.o
                0x0000000008002368                HAL_I2C_Mem_Write
 .text.HAL_I2C_Mem_Read
                0x00000000080025c4      0x268 ./Drivers/STM32F0xx_HAL_Driver/Src/stm32f0xx_hal_i2c.o
                0x00000000080025c4                HAL_I2C_Mem_Read
 .text.I2C_RequestMemoryWrite
                0x000000000800282c       0xc8 ./Drivers/STM32F0xx_HAL_Driver/Src/stm32f0xx_hal_i2c.o
 .text.I2C_RequestMemoryRead
                0x00000000080028f4       0xc4 ./Drivers/STM32F0xx_HAL_Driver/Src/stm32f0xx_hal_i2c.o
 .text.I2C_Flush_TXDR
                0x00000000080029b8       0x44 ./Drivers/STM32F0xx_HAL_Driver/Src/stm32f0xx_hal_i2c.o
 .text.I2C_WaitOnFlagUntilTimeout
                0x00000000080029fc       0x7e ./Drivers/STM32F0xx_HAL_Driver/Src/stm32f0xx_hal_i2c.o
 .text.I2C_WaitOnTXISFlagUntilTimeout
                0x0000000008002a7a       0x7e ./Drivers/STM32F0xx_HAL_Driver/Src/stm32f0xx_hal_i2c.o
 .text.I2C_WaitOnSTOPFlagUntilTimeout
                0x0000000008002af8       0x78 ./Drivers/STM32F0xx_HAL_Driver/Src/stm32f0xx_hal_i2c.o
 .text.I2C_IsAcknowledgeFailed
                0x0000000008002b70       0xf4 ./Drivers/STM32F0xx_HAL_Driver/Src/stm32f0xx_hal_i2c.o
 .text.I2C_TransferConfig
                0x0000000008002c64       0x6c ./Drivers/STM32F0xx_HAL_Driver/Src/stm32f0xx_hal_i2c.o
 .text.HAL_I2CEx_ConfigAnalogFilter
                0x0000000008002cd0       0x98 ./Drivers/STM32F0xx_HAL_Driver/Src/stm32f0xx_hal_i2c_ex.o
                0x0000000008002cd0                HAL_I2CEx_ConfigAnalogFilter
 .text.HAL_I2CEx_ConfigDigitalFilter
                0x0000000008002d68       0x98 ./Drivers/STM32F0xx_HAL_Driver/Src/stm32f0xx_hal_i2c_ex.o
                0x0000000008002d68                HAL_I2CEx_ConfigDigitalFilter
 .text.HAL_RCC_OscConfig
                0x0000000008002e00      0x634 ./Drivers/STM32F0xx_HAL_Driver/Src/stm32f0xx_hal_rcc.o
                0x0000000008002e00                HAL_RCC_OscConfig
 .text.HAL_RCC_ClockConfig
                0x0000000008003434      0x19c ./Drivers/STM32F0xx_HAL_Driver/Src/stm32f0xx_hal_rcc.o
                0x0000000008003434                HAL_RCC_ClockConfig
 .text.HAL_RCC_GetSysClockFreq
                0x00000000080035d0       0xc8 ./Drivers/STM32F0xx_HAL_Driver/Src/stm32f0xx_hal_rcc.o
                0x00000000080035d0                HAL_RCC_GetSysClockFreq
 .text.HAL_RCCEx_PeriphCLKConfig
                0x0000000008003698      0x19c ./Drivers/STM32F0xx_HAL_Driver/Src/stm32f0xx_hal_rcc_ex.o
                0x0000000008003698                HAL_RCCEx_PeriphCLKConfig
 .text.HAL_SPI_Init
                0x0000000008003834      0x170 ./Drivers/STM32F0xx_HAL_Driver/Src/stm32f0xx_hal_spi.o
                0x0000000008003834                HAL_SPI_Init
 .text.HAL_SPI_Transmit
                0x00000000080039a4      0x2b0 ./Drivers/STM32F0xx_HAL_Driver/Src/stm32f0xx_hal_spi.o
                0x00000000080039a4                HAL_SPI_Transmit
 .text.HAL_SPI_Receive
                0x0000000008003c54      0x298 ./Drivers/STM32F0xx_HAL_Driver/Src/stm32f0xx_hal_spi.o
                0x0000000008003c54                HAL_SPI_Receive
 .text.HAL_SPI_TransmitReceive
                0x0000000008003eec      0x3a4 ./Drivers/STM32F0xx_HAL_Driver/Src/stm32f0xx_hal_spi.o
                0x0000000008003eec                HAL_SPI_TransmitReceive
 .text.SPI_WaitFlagStateUntilTimeout
                0x0000000008004290      0x11c ./Drivers/STM32F0xx_HAL_Driver/Src/stm32f0xx_hal_spi.o
 .text.SPI_WaitFifoStateUntilTimeout
                0x00000000080043ac      0x144 ./Drivers/STM32F0xx_HAL_Driver/Src/stm32f0xx_hal_spi.o
 .text.SPI_EndRxTransaction
                0x00000000080044f0       0xbc ./Drivers/STM32F0xx_HAL_Driver/Src/stm32f0xx_hal_spi.o
 .text.SPI_EndRxTxTransaction
                0x00000000080045ac       0x8c ./Drivers/STM32F0xx_HAL_Driver/Src/stm32f0xx_hal_spi.o
 .text.__libc_init_array
                0x0000000008004638       0x48 c:/st/stm32cubeide_1.4.0/stm32cubeide/plugins/com.st.stm32cube.ide.mcu.externaltools.gnu-tools-for-stm32.10.3-2021.10.win32_1.0.100.202210260954/tools/bin/../lib/gcc/arm-none-eabi/10.3.1/../../../../arm-none-eabi/lib/thumb/v6-m/nofp\libc_nano.a(lib_a-init.o)
                0x0000000008004638                __libc_init_array
 .text.memset   0x0000000008004680       0x10 c:/st/stm32cubeide_1.4.0/stm32cubeide/plugins/com.st.stm32cube.ide.mcu.externaltools.gnu-tools-for-stm32.10.3-2021.10.win32_1.0.100.202210260954/tools/bin/../lib/gcc/arm-none-eabi/10.3.1/../../../../arm-none-eabi/lib/thumb/v6-m/nofp\libc_nano.a(lib_a-memset.o)
                0x0000000008004680                memset
 *(.glue_7)
 .glue_7        0x0000000008004690        0x0 linker stubs
 *(.glue_7t)
 .glue_7t       0x0000000008004690        0x0 linker stubs
 *(.eh_frame)
 .eh_frame      0x0000000008004690        0x0 c:/st/stm32cubeide_1.4.0/stm32cubeide/plugins/com.st.stm32cube.ide.mcu.externaltools.gnu-tools-for-stm32.10.3-2021.10.win32_1.0.100.202210260954/tools/bin/../lib/gcc/arm-none-eabi/10.3.1/thumb/v6-m/nofp/crtbegin.o
 *(.init)
 .init          0x0000000008004690        0x4 c:/st/stm32cubeide_1.4.0/stm32cubeide/plugins/com.st.stm32cube.ide.mcu.externaltools.gnu-tools-for-stm32.10.3-2021.10.win32_1.0.100.202210260954/tools/bin/../lib/gcc/arm-none-eabi/10.3.1/thumb/v6-m/nofp/crti.o
                0x0000000008004690                _init
 .init          0x0000000008004694        0x8 c:/st/stm32cubeide_1.4.0/stm32cubeide/plugins/com.st.stm32cube.ide.mcu.externaltools.gnu-tools-for-stm32.10.3-2021.10.win32_1.0.100.202210260954/tools/bin/../lib/gcc/arm-none-eabi/10.3.1/thumb/v6-m/nofp/crtn.o
 *(.fini)
 .fini          0x000000000800469c        0x4 c:/st/stm32cubeide_1.4.0/stm32cubeide/plugins/com.st.stm32cube.ide.mcu.externaltools.gnu-tools-for-stm32.10.3-2021.10.win32_1.0.100.202210260954/tools/bin/../lib/gcc/arm-none-eabi/10.3.1/thumb/v6-m/nofp/crti.o
                0x000000000800469c                _fini
 .fini          0x00000000080046a0        0x8 c:/st/stm32cubeide_1.4.0/stm32cubeide/plugins/com.st.stm32cube.ide.mcu.externaltools.gnu-tools-for-stm32.10.3-2021.10.win32_1.0.100.202210260954/tools/bin/../lib/gcc/arm-none-eabi/10.3.1/thumb/v6-m/nofp/crtn.o
                0x00000000080046a8                . = ALIGN (0x4)
                0x00000000080046a8                _etext = .

.vfp11_veneer   0x00000000080046a8        0x0
 .vfp11_veneer  0x00000000080046a8        0x0 linker stubs

.v4_bx          0x00000000080046a8        0x0
 .v4_bx         0x00000000080046a8        0x0 linker stubs

.iplt           0x00000000080046a8        0x0
 .iplt          0x00000000080046a8        0x0 c:/st/stm32cubeide_1.4.0/stm32cubeide/plugins/com.st.stm32cube.ide.mcu.externaltools.gnu-tools-for-stm32.10.3-2021.10.win32_1.0.100.202210260954/tools/bin/../lib/gcc/arm-none-eabi/10.3.1/thumb/v6-m/nofp/crtbegin.o

.rodata         0x00000000080046a8       0xbc
                0x00000000080046a8                . = ALIGN (0x4)
 *(.rodata)
 .rodata        0x00000000080046a8        0x9 ./Core/Src/NRF24.o
 *fill*         0x00000000080046b1        0x3 
 .rodata        0x00000000080046b4       0x20 ./Drivers/STM32F0xx_HAL_Driver/Src/stm32f0xx_hal_rcc.o
 .rodata        0x00000000080046d4       0x80 c:/st/stm32cubeide_1.4.0/stm32cubeide/plugins/com.st.stm32cube.ide.mcu.externaltools.gnu-tools-for-stm32.10.3-2021.10.win32_1.0.100.202210260954/tools/bin/../lib/gcc/arm-none-eabi/10.3.1/thumb/v6-m/nofp\libgcc.a(divsf3.o)
 *(.rodata*)
 .rodata.AHBPrescTable
                0x0000000008004754       0x10 ./Core/Src/system_stm32f0xx.o
                0x0000000008004754                AHBPrescTable
                0x0000000008004764                . = ALIGN (0x4)

.ARM.extab      0x0000000008004764        0x0
                0x0000000008004764                . = ALIGN (0x4)
 *(.ARM.extab* .gnu.linkonce.armextab.*)
                0x0000000008004764                . = ALIGN (0x4)

.ARM            0x0000000008004764        0x8
                0x0000000008004764                . = ALIGN (0x4)
                0x0000000008004764                __exidx_start = .
 *(.ARM.exidx*)
 .ARM.exidx     0x0000000008004764        0x8 c:/st/stm32cubeide_1.4.0/stm32cubeide/plugins/com.st.stm32cube.ide.mcu.externaltools.gnu-tools-for-stm32.10.3-2021.10.win32_1.0.100.202210260954/tools/bin/../lib/gcc/arm-none-eabi/10.3.1/thumb/v6-m/nofp\libgcc.a(_divdi3.o)
                0x000000000800476c                __exidx_end = .
                0x000000000800476c                . = ALIGN (0x4)

.rel.dyn        0x000000000800476c        0x0
 .rel.iplt      0x000000000800476c        0x0 c:/st/stm32cubeide_1.4.0/stm32cubeide/plugins/com.st.stm32cube.ide.mcu.externaltools.gnu-tools-for-stm32.10.3-2021.10.win32_1.0.100.202210260954/tools/bin/../lib/gcc/arm-none-eabi/10.3.1/thumb/v6-m/nofp/crtbegin.o

.preinit_array  0x000000000800476c        0x0
                0x000000000800476c                . = ALIGN (0x4)
                0x000000000800476c                PROVIDE (__preinit_array_start = .)
 *(.preinit_array*)
                0x000000000800476c                PROVIDE (__preinit_array_end = .)
                0x000000000800476c                . = ALIGN (0x4)

.init_array     0x000000000800476c        0x4
                0x000000000800476c                . = ALIGN (0x4)
                0x000000000800476c                PROVIDE (__init_array_start = .)
 *(SORT_BY_NAME(.init_array.*))
 *(.init_array*)
 .init_array    0x000000000800476c        0x4 c:/st/stm32cubeide_1.4.0/stm32cubeide/plugins/com.st.stm32cube.ide.mcu.externaltools.gnu-tools-for-stm32.10.3-2021.10.win32_1.0.100.202210260954/tools/bin/../lib/gcc/arm-none-eabi/10.3.1/thumb/v6-m/nofp/crtbegin.o
                0x0000000008004770                PROVIDE (__init_array_end = .)
                0x0000000008004770                . = ALIGN (0x4)

.fini_array     0x0000000008004770        0x4
                0x0000000008004770                . = ALIGN (0x4)
                [!provide]                        PROVIDE (__fini_array_start = .)
 *(SORT_BY_NAME(.fini_array.*))
 *(.fini_array*)
 .fini_array    0x0000000008004770        0x4 c:/st/stm32cubeide_1.4.0/stm32cubeide/plugins/com.st.stm32cube.ide.mcu.externaltools.gnu-tools-for-stm32.10.3-2021.10.win32_1.0.100.202210260954/tools/bin/../lib/gcc/arm-none-eabi/10.3.1/thumb/v6-m/nofp/crtbegin.o
                [!provide]                        PROVIDE (__fini_array_end = .)
                0x0000000008004774                . = ALIGN (0x4)
                0x0000000008004774                _sidata = LOADADDR (.data)

.data           0x0000000020000000       0x10 load address 0x0000000008004774
                0x0000000020000000                . = ALIGN (0x4)
                0x0000000020000000                _sdata = .
 *(.data)
 *(.data*)
 .data.TX_ADDRESS
                0x0000000020000000        0x3 ./Core/Src/NRF24.o
                0x0000000020000000                TX_ADDRESS
 *fill*         0x0000000020000003        0x1 
 .data.SystemCoreClock
                0x0000000020000004        0x4 ./Core/Src/system_stm32f0xx.o
                0x0000000020000004                SystemCoreClock
 .data.uwTickPrio
                0x0000000020000008        0x4 ./Drivers/STM32F0xx_HAL_Driver/Src/stm32f0xx_hal.o
                0x0000000020000008                uwTickPrio
 .data.uwTickFreq
                0x000000002000000c        0x1 ./Drivers/STM32F0xx_HAL_Driver/Src/stm32f0xx_hal.o
                0x000000002000000c                uwTickFreq
 *(.RamFunc)
 *(.RamFunc*)
                0x0000000020000010                . = ALIGN (0x4)
 *fill*         0x000000002000000d        0x3 
                0x0000000020000010                _edata = .

.igot.plt       0x0000000020000010        0x0 load address 0x0000000008004784
 .igot.plt      0x0000000020000010        0x0 c:/st/stm32cubeide_1.4.0/stm32cubeide/plugins/com.st.stm32cube.ide.mcu.externaltools.gnu-tools-for-stm32.10.3-2021.10.win32_1.0.100.202210260954/tools/bin/../lib/gcc/arm-none-eabi/10.3.1/thumb/v6-m/nofp/crtbegin.o
                0x0000000020000010                . = ALIGN (0x4)

.bss            0x0000000020000010      0x10c load address 0x0000000008004784
                0x0000000020000010                _sbss = .
                0x0000000020000010                __bss_start__ = _sbss
 *(.bss)
 .bss           0x0000000020000010       0x1c c:/st/stm32cubeide_1.4.0/stm32cubeide/plugins/com.st.stm32cube.ide.mcu.externaltools.gnu-tools-for-stm32.10.3-2021.10.win32_1.0.100.202210260954/tools/bin/../lib/gcc/arm-none-eabi/10.3.1/thumb/v6-m/nofp/crtbegin.o
 *(.bss*)
 .bss.CalibData
                0x000000002000002c       0x24 ./Core/Src/BME280.o
                0x000000002000002c                CalibData
 .bss.temp_int  0x0000000020000050        0x4 ./Core/Src/BME280.o
                0x0000000020000050                temp_int
 .bss.bme280_status
                0x0000000020000054        0x1 ./Core/Src/BME280.o
                0x0000000020000054                bme280_status
 *fill*         0x0000000020000055        0x3 
 .bss.RX_BUF    0x0000000020000058        0x5 ./Core/Src/NRF24.o
                0x0000000020000058                RX_BUF
 *fill*         0x000000002000005d        0x3 
 .bss.hi2c1     0x0000000020000060       0x4c ./Core/Src/i2c.o
                0x0000000020000060                hi2c1
 .bss.buf1      0x00000000200000ac        0x5 ./Core/Src/main.o
                0x00000000200000ac                buf1
 *fill*         0x00000000200000b1        0x3 
 .bss.hspi1     0x00000000200000b4       0x64 ./Core/Src/spi.o
                0x00000000200000b4                hspi1
 .bss.uwTick    0x0000000020000118        0x4 ./Drivers/STM32F0xx_HAL_Driver/Src/stm32f0xx_hal.o
                0x0000000020000118                uwTick
 *(COMMON)
                0x000000002000011c                . = ALIGN (0x4)
                0x000000002000011c                _ebss = .
                0x000000002000011c                __bss_end__ = _ebss

._user_heap_stack
                0x000000002000011c      0x604 load address 0x0000000008004784
                0x0000000020000120                . = ALIGN (0x8)
 *fill*         0x000000002000011c        0x4 
                [!provide]                        PROVIDE (end = .)
                0x0000000020000120                PROVIDE (_end = .)
                0x0000000020000320                . = (. + _Min_Heap_Size)
 *fill*         0x0000000020000120      0x200 
                0x0000000020000720                . = (. + _Min_Stack_Size)
 *fill*         0x0000000020000320      0x400 
                0x0000000020000720                . = ALIGN (0x8)

/DISCARD/
 libc.a(*)
 libm.a(*)
 libgcc.a(*)

.ARM.attributes
                0x0000000000000000       0x28
 *(.ARM.attributes)
 .ARM.attributes
                0x0000000000000000       0x1e c:/st/stm32cubeide_1.4.0/stm32cubeide/plugins/com.st.stm32cube.ide.mcu.externaltools.gnu-tools-for-stm32.10.3-2021.10.win32_1.0.100.202210260954/tools/bin/../lib/gcc/arm-none-eabi/10.3.1/thumb/v6-m/nofp/crti.o
 .ARM.attributes
                0x000000000000001e       0x2c c:/st/stm32cubeide_1.4.0/stm32cubeide/plugins/com.st.stm32cube.ide.mcu.externaltools.gnu-tools-for-stm32.10.3-2021.10.win32_1.0.100.202210260954/tools/bin/../lib/gcc/arm-none-eabi/10.3.1/thumb/v6-m/nofp/crtbegin.o
 .ARM.attributes
                0x000000000000004a       0x2c ./Core/Src/BME280.o
 .ARM.attributes
                0x0000000000000076       0x2c ./Core/Src/NRF24.o
 .ARM.attributes
                0x00000000000000a2       0x2c ./Core/Src/gpio.o
 .ARM.attributes
                0x00000000000000ce       0x2c ./Core/Src/i2c.o
 .ARM.attributes
                0x00000000000000fa       0x2c ./Core/Src/main.o
 .ARM.attributes
                0x0000000000000126       0x2c ./Core/Src/spi.o
 .ARM.attributes
                0x0000000000000152       0x2c ./Core/Src/stm32f0xx_hal_msp.o
 .ARM.attributes
                0x000000000000017e       0x2c ./Core/Src/stm32f0xx_it.o
 .ARM.attributes
                0x00000000000001aa       0x2c ./Core/Src/system_stm32f0xx.o
 .ARM.attributes
                0x00000000000001d6       0x21 ./Core/Startup/startup_stm32f030k6tx.o
 .ARM.attributes
                0x00000000000001f7       0x2c ./Drivers/STM32F0xx_HAL_Driver/Src/stm32f0xx_hal.o
 .ARM.attributes
                0x0000000000000223       0x2c ./Drivers/STM32F0xx_HAL_Driver/Src/stm32f0xx_hal_cortex.o
 .ARM.attributes
                0x000000000000024f       0x2c ./Drivers/STM32F0xx_HAL_Driver/Src/stm32f0xx_hal_gpio.o
 .ARM.attributes
                0x000000000000027b       0x2c ./Drivers/STM32F0xx_HAL_Driver/Src/stm32f0xx_hal_i2c.o
 .ARM.attributes
                0x00000000000002a7       0x2c ./Drivers/STM32F0xx_HAL_Driver/Src/stm32f0xx_hal_i2c_ex.o
 .ARM.attributes
                0x00000000000002d3       0x2c ./Drivers/STM32F0xx_HAL_Driver/Src/stm32f0xx_hal_rcc.o
 .ARM.attributes
                0x00000000000002ff       0x2c ./Drivers/STM32F0xx_HAL_Driver/Src/stm32f0xx_hal_rcc_ex.o
 .ARM.attributes
                0x000000000000032b       0x2c ./Drivers/STM32F0xx_HAL_Driver/Src/stm32f0xx_hal_spi.o
 .ARM.attributes
                0x0000000000000357       0x2c c:/st/stm32cubeide_1.4.0/stm32cubeide/plugins/com.st.stm32cube.ide.mcu.externaltools.gnu-tools-for-stm32.10.3-2021.10.win32_1.0.100.202210260954/tools/bin/../lib/gcc/arm-none-eabi/10.3.1/../../../../arm-none-eabi/lib/thumb/v6-m/nofp\libc_nano.a(lib_a-init.o)
 .ARM.attributes
                0x0000000000000383       0x2c c:/st/stm32cubeide_1.4.0/stm32cubeide/plugins/com.st.stm32cube.ide.mcu.externaltools.gnu-tools-for-stm32.10.3-2021.10.win32_1.0.100.202210260954/tools/bin/../lib/gcc/arm-none-eabi/10.3.1/../../../../arm-none-eabi/lib/thumb/v6-m/nofp\libc_nano.a(lib_a-memset.o)
 .ARM.attributes
                0x00000000000003af       0x1e c:/st/stm32cubeide_1.4.0/stm32cubeide/plugins/com.st.stm32cube.ide.mcu.externaltools.gnu-tools-for-stm32.10.3-2021.10.win32_1.0.100.202210260954/tools/bin/../lib/gcc/arm-none-eabi/10.3.1/thumb/v6-m/nofp\libgcc.a(_udivsi3.o)
 .ARM.attributes
                0x00000000000003cd       0x1e c:/st/stm32cubeide_1.4.0/stm32cubeide/plugins/com.st.stm32cube.ide.mcu.externaltools.gnu-tools-for-stm32.10.3-2021.10.win32_1.0.100.202210260954/tools/bin/../lib/gcc/arm-none-eabi/10.3.1/thumb/v6-m/nofp\libgcc.a(_dvmd_tls.o)
 .ARM.attributes
                0x00000000000003eb       0x1e c:/st/stm32cubeide_1.4.0/stm32cubeide/plugins/com.st.stm32cube.ide.mcu.externaltools.gnu-tools-for-stm32.10.3-2021.10.win32_1.0.100.202210260954/tools/bin/../lib/gcc/arm-none-eabi/10.3.1/thumb/v6-m/nofp\libgcc.a(_aeabi_ldivmod.o)
 .ARM.attributes
                0x0000000000000409       0x2c c:/st/stm32cubeide_1.4.0/stm32cubeide/plugins/com.st.stm32cube.ide.mcu.externaltools.gnu-tools-for-stm32.10.3-2021.10.win32_1.0.100.202210260954/tools/bin/../lib/gcc/arm-none-eabi/10.3.1/thumb/v6-m/nofp\libgcc.a(_muldi3.o)
 .ARM.attributes
                0x0000000000000435       0x2c c:/st/stm32cubeide_1.4.0/stm32cubeide/plugins/com.st.stm32cube.ide.mcu.externaltools.gnu-tools-for-stm32.10.3-2021.10.win32_1.0.100.202210260954/tools/bin/../lib/gcc/arm-none-eabi/10.3.1/thumb/v6-m/nofp\libgcc.a(bpabi.o)
 .ARM.attributes
                0x0000000000000461       0x2c c:/st/stm32cubeide_1.4.0/stm32cubeide/plugins/com.st.stm32cube.ide.mcu.externaltools.gnu-tools-for-stm32.10.3-2021.10.win32_1.0.100.202210260954/tools/bin/../lib/gcc/arm-none-eabi/10.3.1/thumb/v6-m/nofp\libgcc.a(divsf3.o)
 .ARM.attributes
                0x000000000000048d       0x2c c:/st/stm32cubeide_1.4.0/stm32cubeide/plugins/com.st.stm32cube.ide.mcu.externaltools.gnu-tools-for-stm32.10.3-2021.10.win32_1.0.100.202210260954/tools/bin/../lib/gcc/arm-none-eabi/10.3.1/thumb/v6-m/nofp\libgcc.a(floatsisf.o)
 .ARM.attributes
                0x00000000000004b9       0x1e c:/st/stm32cubeide_1.4.0/stm32cubeide/plugins/com.st.stm32cube.ide.mcu.externaltools.gnu-tools-for-stm32.10.3-2021.10.win32_1.0.100.202210260954/tools/bin/../lib/gcc/arm-none-eabi/10.3.1/thumb/v6-m/nofp\libgcc.a(_clzsi2.o)
 .ARM.attributes
                0x00000000000004d7       0x2c c:/st/stm32cubeide_1.4.0/stm32cubeide/plugins/com.st.stm32cube.ide.mcu.externaltools.gnu-tools-for-stm32.10.3-2021.10.win32_1.0.100.202210260954/tools/bin/../lib/gcc/arm-none-eabi/10.3.1/thumb/v6-m/nofp\libgcc.a(_divdi3.o)
 .ARM.attributes
                0x0000000000000503       0x1e c:/st/stm32cubeide_1.4.0/stm32cubeide/plugins/com.st.stm32cube.ide.mcu.externaltools.gnu-tools-for-stm32.10.3-2021.10.win32_1.0.100.202210260954/tools/bin/../lib/gcc/arm-none-eabi/10.3.1/thumb/v6-m/nofp\libgcc.a(_clzdi2.o)
 .ARM.attributes
                0x0000000000000521       0x1e c:/st/stm32cubeide_1.4.0/stm32cubeide/plugins/com.st.stm32cube.ide.mcu.externaltools.gnu-tools-for-stm32.10.3-2021.10.win32_1.0.100.202210260954/tools/bin/../lib/gcc/arm-none-eabi/10.3.1/thumb/v6-m/nofp/crtn.o
OUTPUT(AirCompressor.elf elf32-littlearm)
LOAD linker stubs
LOAD c:/st/stm32cubeide_1.4.0/stm32cubeide/plugins/com.st.stm32cube.ide.mcu.externaltools.gnu-tools-for-stm32.10.3-2021.10.win32_1.0.100.202210260954/tools/bin/../lib/gcc/arm-none-eabi/10.3.1/../../../../arm-none-eabi/lib/thumb/v6-m/nofp\libc.a
LOAD c:/st/stm32cubeide_1.4.0/stm32cubeide/plugins/com.st.stm32cube.ide.mcu.externaltools.gnu-tools-for-stm32.10.3-2021.10.win32_1.0.100.202210260954/tools/bin/../lib/gcc/arm-none-eabi/10.3.1/../../../../arm-none-eabi/lib/thumb/v6-m/nofp\libm.a
LOAD c:/st/stm32cubeide_1.4.0/stm32cubeide/plugins/com.st.stm32cube.ide.mcu.externaltools.gnu-tools-for-stm32.10.3-2021.10.win32_1.0.100.202210260954/tools/bin/../lib/gcc/arm-none-eabi/10.3.1/thumb/v6-m/nofp\libgcc.a

.debug_info     0x0000000000000000     0x9a0f
 .debug_info    0x0000000000000000      0xda0 ./Core/Src/BME280.o
 .debug_info    0x0000000000000da0      0xb33 ./Core/Src/NRF24.o
 .debug_info    0x00000000000018d3      0x45c ./Core/Src/gpio.o
 .debug_info    0x0000000000001d2f      0x947 ./Core/Src/i2c.o
 .debug_info    0x0000000000002676      0x4bf ./Core/Src/main.o
 .debug_info    0x0000000000002b35      0x8db ./Core/Src/spi.o
 .debug_info    0x0000000000003410      0x1cd ./Core/Src/stm32f0xx_hal_msp.o
 .debug_info    0x00000000000035dd      0x12c ./Core/Src/stm32f0xx_it.o
 .debug_info    0x0000000000003709      0x269 ./Core/Src/system_stm32f0xx.o
 .debug_info    0x0000000000003972       0x22 ./Core/Startup/startup_stm32f030k6tx.o
 .debug_info    0x0000000000003994      0x69d ./Drivers/STM32F0xx_HAL_Driver/Src/stm32f0xx_hal.o
 .debug_info    0x0000000000004031      0x6db ./Drivers/STM32F0xx_HAL_Driver/Src/stm32f0xx_hal_cortex.o
 .debug_info    0x000000000000470c      0x60e ./Drivers/STM32F0xx_HAL_Driver/Src/stm32f0xx_hal_gpio.o
 .debug_info    0x0000000000004d1a     0x2149 ./Drivers/STM32F0xx_HAL_Driver/Src/stm32f0xx_hal_i2c.o
 .debug_info    0x0000000000006e63      0x840 ./Drivers/STM32F0xx_HAL_Driver/Src/stm32f0xx_hal_i2c_ex.o
 .debug_info    0x00000000000076a3      0x888 ./Drivers/STM32F0xx_HAL_Driver/Src/stm32f0xx_hal_rcc.o
 .debug_info    0x0000000000007f2b      0x37b ./Drivers/STM32F0xx_HAL_Driver/Src/stm32f0xx_hal_rcc_ex.o
 .debug_info    0x00000000000082a6     0x1769 ./Drivers/STM32F0xx_HAL_Driver/Src/stm32f0xx_hal_spi.o

.debug_abbrev   0x0000000000000000     0x203c
 .debug_abbrev  0x0000000000000000      0x2e1 ./Core/Src/BME280.o
 .debug_abbrev  0x00000000000002e1      0x280 ./Core/Src/NRF24.o
 .debug_abbrev  0x0000000000000561      0x164 ./Core/Src/gpio.o
 .debug_abbrev  0x00000000000006c5      0x202 ./Core/Src/i2c.o
 .debug_abbrev  0x00000000000008c7      0x23a ./Core/Src/main.o
 .debug_abbrev  0x0000000000000b01      0x1e0 ./Core/Src/spi.o
 .debug_abbrev  0x0000000000000ce1       0xc2 ./Core/Src/stm32f0xx_hal_msp.o
 .debug_abbrev  0x0000000000000da3       0x9f ./Core/Src/stm32f0xx_it.o
 .debug_abbrev  0x0000000000000e42      0x116 ./Core/Src/system_stm32f0xx.o
 .debug_abbrev  0x0000000000000f58       0x12 ./Core/Startup/startup_stm32f030k6tx.o
 .debug_abbrev  0x0000000000000f6a      0x23f ./Drivers/STM32F0xx_HAL_Driver/Src/stm32f0xx_hal.o
 .debug_abbrev  0x00000000000011a9      0x283 ./Drivers/STM32F0xx_HAL_Driver/Src/stm32f0xx_hal_cortex.o
 .debug_abbrev  0x000000000000142c      0x1bb ./Drivers/STM32F0xx_HAL_Driver/Src/stm32f0xx_hal_gpio.o
 .debug_abbrev  0x00000000000015e7      0x254 ./Drivers/STM32F0xx_HAL_Driver/Src/stm32f0xx_hal_i2c.o
 .debug_abbrev  0x000000000000183b      0x1c1 ./Drivers/STM32F0xx_HAL_Driver/Src/stm32f0xx_hal_i2c_ex.o
 .debug_abbrev  0x00000000000019fc      0x283 ./Drivers/STM32F0xx_HAL_Driver/Src/stm32f0xx_hal_rcc.o
 .debug_abbrev  0x0000000000001c7f      0x169 ./Drivers/STM32F0xx_HAL_Driver/Src/stm32f0xx_hal_rcc_ex.o
 .debug_abbrev  0x0000000000001de8      0x254 ./Drivers/STM32F0xx_HAL_Driver/Src/stm32f0xx_hal_spi.o

.debug_aranges  0x0000000000000000      0xa08
 .debug_aranges
                0x0000000000000000       0xd0 ./Core/Src/BME280.o
 .debug_aranges
                0x00000000000000d0       0x90 ./Core/Src/NRF24.o
 .debug_aranges
                0x0000000000000160       0x20 ./Core/Src/gpio.o
 .debug_aranges
                0x0000000000000180       0x30 ./Core/Src/i2c.o
 .debug_aranges
                0x00000000000001b0       0x38 ./Core/Src/main.o
 .debug_aranges
                0x00000000000001e8       0x30 ./Core/Src/spi.o
 .debug_aranges
                0x0000000000000218       0x20 ./Core/Src/stm32f0xx_hal_msp.o
 .debug_aranges
                0x0000000000000238       0x48 ./Core/Src/stm32f0xx_it.o
 .debug_aranges
                0x0000000000000280       0x28 ./Core/Src/system_stm32f0xx.o
 .debug_aranges
                0x00000000000002a8       0x28 ./Core/Startup/startup_stm32f030k6tx.o
 .debug_aranges
                0x00000000000002d0       0xd0 ./Drivers/STM32F0xx_HAL_Driver/Src/stm32f0xx_hal.o
 .debug_aranges
                0x00000000000003a0       0xc0 ./Drivers/STM32F0xx_HAL_Driver/Src/stm32f0xx_hal_cortex.o
 .debug_aranges
                0x0000000000000460       0x58 ./Drivers/STM32F0xx_HAL_Driver/Src/stm32f0xx_hal_gpio.o
 .debug_aranges
                0x00000000000004b8      0x290 ./Drivers/STM32F0xx_HAL_Driver/Src/stm32f0xx_hal_i2c.o
 .debug_aranges
                0x0000000000000748       0x38 ./Drivers/STM32F0xx_HAL_Driver/Src/stm32f0xx_hal_i2c_ex.o
 .debug_aranges
                0x0000000000000780       0x80 ./Drivers/STM32F0xx_HAL_Driver/Src/stm32f0xx_hal_rcc.o
 .debug_aranges
                0x0000000000000800       0x30 ./Drivers/STM32F0xx_HAL_Driver/Src/stm32f0xx_hal_rcc_ex.o
 .debug_aranges
                0x0000000000000830      0x1d8 ./Drivers/STM32F0xx_HAL_Driver/Src/stm32f0xx_hal_spi.o

.debug_ranges   0x0000000000000000      0x8f0
 .debug_ranges  0x0000000000000000       0xc0 ./Core/Src/BME280.o
 .debug_ranges  0x00000000000000c0       0x80 ./Core/Src/NRF24.o
 .debug_ranges  0x0000000000000140       0x10 ./Core/Src/gpio.o
 .debug_ranges  0x0000000000000150       0x20 ./Core/Src/i2c.o
 .debug_ranges  0x0000000000000170       0x28 ./Core/Src/main.o
 .debug_ranges  0x0000000000000198       0x20 ./Core/Src/spi.o
 .debug_ranges  0x00000000000001b8       0x10 ./Core/Src/stm32f0xx_hal_msp.o
 .debug_ranges  0x00000000000001c8       0x38 ./Core/Src/stm32f0xx_it.o
 .debug_ranges  0x0000000000000200       0x18 ./Core/Src/system_stm32f0xx.o
 .debug_ranges  0x0000000000000218       0x20 ./Core/Startup/startup_stm32f030k6tx.o
 .debug_ranges  0x0000000000000238       0xc0 ./Drivers/STM32F0xx_HAL_Driver/Src/stm32f0xx_hal.o
 .debug_ranges  0x00000000000002f8       0xb0 ./Drivers/STM32F0xx_HAL_Driver/Src/stm32f0xx_hal_cortex.o
 .debug_ranges  0x00000000000003a8       0x48 ./Drivers/STM32F0xx_HAL_Driver/Src/stm32f0xx_hal_gpio.o
 .debug_ranges  0x00000000000003f0      0x280 ./Drivers/STM32F0xx_HAL_Driver/Src/stm32f0xx_hal_i2c.o
 .debug_ranges  0x0000000000000670       0x28 ./Drivers/STM32F0xx_HAL_Driver/Src/stm32f0xx_hal_i2c_ex.o
 .debug_ranges  0x0000000000000698       0x70 ./Drivers/STM32F0xx_HAL_Driver/Src/stm32f0xx_hal_rcc.o
 .debug_ranges  0x0000000000000708       0x20 ./Drivers/STM32F0xx_HAL_Driver/Src/stm32f0xx_hal_rcc_ex.o
 .debug_ranges  0x0000000000000728      0x1c8 ./Drivers/STM32F0xx_HAL_Driver/Src/stm32f0xx_hal_spi.o

.debug_macro    0x0000000000000000    0x1056a
 .debug_macro   0x0000000000000000      0x272 ./Core/Src/BME280.o
 .debug_macro   0x0000000000000272      0xa4e ./Core/Src/BME280.o
 .debug_macro   0x0000000000000cc0      0x12d ./Core/Src/BME280.o
 .debug_macro   0x0000000000000ded       0x2e ./Core/Src/BME280.o
 .debug_macro   0x0000000000000e1b       0x22 ./Core/Src/BME280.o
 .debug_macro   0x0000000000000e3d       0x22 ./Core/Src/BME280.o
 .debug_macro   0x0000000000000e5f       0x8e ./Core/Src/BME280.o
 .debug_macro   0x0000000000000eed       0x51 ./Core/Src/BME280.o
 .debug_macro   0x0000000000000f3e      0x103 ./Core/Src/BME280.o
 .debug_macro   0x0000000000001041       0x6a ./Core/Src/BME280.o
 .debug_macro   0x00000000000010ab      0x1df ./Core/Src/BME280.o
 .debug_macro   0x000000000000128a       0x1c ./Core/Src/BME280.o
 .debug_macro   0x00000000000012a6       0x22 ./Core/Src/BME280.o
 .debug_macro   0x00000000000012c8       0xaf ./Core/Src/BME280.o
 .debug_macro   0x0000000000001377      0x391 ./Core/Src/BME280.o
 .debug_macro   0x0000000000001708     0x6e67 ./Core/Src/BME280.o
 .debug_macro   0x000000000000856f       0x66 ./Core/Src/BME280.o
 .debug_macro   0x00000000000085d5     0x34a6 ./Core/Src/BME280.o
 .debug_macro   0x000000000000ba7b      0x174 ./Core/Src/BME280.o
 .debug_macro   0x000000000000bbef       0x55 ./Core/Src/BME280.o
 .debug_macro   0x000000000000bc44      0x924 ./Core/Src/BME280.o
 .debug_macro   0x000000000000c568       0xe5 ./Core/Src/BME280.o
 .debug_macro   0x000000000000c64d      0x1af ./Core/Src/BME280.o
 .debug_macro   0x000000000000c7fc       0xb3 ./Core/Src/BME280.o
 .debug_macro   0x000000000000c8af      0x1a0 ./Core/Src/BME280.o
 .debug_macro   0x000000000000ca4f      0x1ed ./Core/Src/BME280.o
 .debug_macro   0x000000000000cc3c       0x34 ./Core/Src/BME280.o
 .debug_macro   0x000000000000cc70       0x43 ./Core/Src/BME280.o
 .debug_macro   0x000000000000ccb3       0x28 ./Core/Src/BME280.o
 .debug_macro   0x000000000000ccdb       0xb0 ./Core/Src/BME280.o
 .debug_macro   0x000000000000cd8b      0x15a ./Core/Src/BME280.o
 .debug_macro   0x000000000000cee5      0x22c ./Core/Src/BME280.o
 .debug_macro   0x000000000000d111       0x61 ./Core/Src/BME280.o
 .debug_macro   0x000000000000d172       0xa5 ./Core/Src/BME280.o
 .debug_macro   0x000000000000d217       0x4c ./Core/Src/BME280.o
 .debug_macro   0x000000000000d263       0x2b ./Core/Src/BME280.o
 .debug_macro   0x000000000000d28e      0x2fe ./Core/Src/BME280.o
 .debug_macro   0x000000000000d58c       0xf1 ./Core/Src/BME280.o
 .debug_macro   0x000000000000d67d       0x52 ./Core/Src/BME280.o
 .debug_macro   0x000000000000d6cf       0x18 ./Core/Src/BME280.o
 .debug_macro   0x000000000000d6e7       0x3c ./Core/Src/BME280.o
 .debug_macro   0x000000000000d723       0x34 ./Core/Src/BME280.o
 .debug_macro   0x000000000000d757       0x16 ./Core/Src/BME280.o
 .debug_macro   0x000000000000d76d       0x43 ./Core/Src/BME280.o
 .debug_macro   0x000000000000d7b0       0x34 ./Core/Src/BME280.o
 .debug_macro   0x000000000000d7e4       0x10 ./Core/Src/BME280.o
 .debug_macro   0x000000000000d7f4       0x58 ./Core/Src/BME280.o
 .debug_macro   0x000000000000d84c       0x71 ./Core/Src/BME280.o
 .debug_macro   0x000000000000d8bd       0x1c ./Core/Src/BME280.o
 .debug_macro   0x000000000000d8d9      0x12a ./Core/Src/BME280.o
 .debug_macro   0x000000000000da03      0x341 ./Core/Src/BME280.o
 .debug_macro   0x000000000000dd44      0x19b ./Core/Src/BME280.o
 .debug_macro   0x000000000000dedf      0x17b ./Core/Src/BME280.o
 .debug_macro   0x000000000000e05a      0x29d ./Core/Src/NRF24.o
 .debug_macro   0x000000000000e2f7       0x10 ./Core/Src/NRF24.o
 .debug_macro   0x000000000000e307       0x35 ./Core/Src/NRF24.o
 .debug_macro   0x000000000000e33c       0x20 ./Core/Src/NRF24.o
 .debug_macro   0x000000000000e35c      0x124 ./Core/Src/NRF24.o
 .debug_macro   0x000000000000e480      0x2c5 ./Core/Src/gpio.o
 .debug_macro   0x000000000000e745       0x16 ./Core/Src/gpio.o
 .debug_macro   0x000000000000e75b      0x2c5 ./Core/Src/i2c.o
 .debug_macro   0x000000000000ea20      0x2dd ./Core/Src/main.o
 .debug_macro   0x000000000000ecfd      0x2c5 ./Core/Src/spi.o
 .debug_macro   0x000000000000efc2      0x2bb ./Core/Src/stm32f0xx_hal_msp.o
 .debug_macro   0x000000000000f27d      0x2c5 ./Core/Src/stm32f0xx_it.o
 .debug_macro   0x000000000000f542      0x1ae ./Core/Src/system_stm32f0xx.o
 .debug_macro   0x000000000000f6f0      0x1d2 ./Drivers/STM32F0xx_HAL_Driver/Src/stm32f0xx_hal.o
 .debug_macro   0x000000000000f8c2      0x1ae ./Drivers/STM32F0xx_HAL_Driver/Src/stm32f0xx_hal_cortex.o
 .debug_macro   0x000000000000fa70      0x1b5 ./Drivers/STM32F0xx_HAL_Driver/Src/stm32f0xx_hal_gpio.o
 .debug_macro   0x000000000000fc25      0x273 ./Drivers/STM32F0xx_HAL_Driver/Src/stm32f0xx_hal_i2c.o
 .debug_macro   0x000000000000fe98      0x1ae ./Drivers/STM32F0xx_HAL_Driver/Src/stm32f0xx_hal_i2c_ex.o
 .debug_macro   0x0000000000010046      0x1c0 ./Drivers/STM32F0xx_HAL_Driver/Src/stm32f0xx_hal_rcc.o
 .debug_macro   0x0000000000010206      0x1ae ./Drivers/STM32F0xx_HAL_Driver/Src/stm32f0xx_hal_rcc_ex.o
 .debug_macro   0x00000000000103b4      0x1b6 ./Drivers/STM32F0xx_HAL_Driver/Src/stm32f0xx_hal_spi.o

.debug_line     0x0000000000000000     0xdd55
 .debug_line    0x0000000000000000      0xbd5 ./Core/Src/BME280.o
 .debug_line    0x0000000000000bd5      0xa37 ./Core/Src/NRF24.o
 .debug_line    0x000000000000160c      0x862 ./Core/Src/gpio.o
 .debug_line    0x0000000000001e6e      0x8b0 ./Core/Src/i2c.o
 .debug_line    0x000000000000271e      0x913 ./Core/Src/main.o
 .debug_line    0x0000000000003031      0x8ac ./Core/Src/spi.o
 .debug_line    0x00000000000038dd      0x833 ./Core/Src/stm32f0xx_hal_msp.o
 .debug_line    0x0000000000004110      0x8b0 ./Core/Src/stm32f0xx_it.o
 .debug_line    0x00000000000049c0      0x718 ./Core/Src/system_stm32f0xx.o
 .debug_line    0x00000000000050d8       0x89 ./Core/Startup/startup_stm32f030k6tx.o
 .debug_line    0x0000000000005161      0x923 ./Drivers/STM32F0xx_HAL_Driver/Src/stm32f0xx_hal.o
 .debug_line    0x0000000000005a84      0x9cf ./Drivers/STM32F0xx_HAL_Driver/Src/stm32f0xx_hal_cortex.o
 .debug_line    0x0000000000006453      0xaa0 ./Drivers/STM32F0xx_HAL_Driver/Src/stm32f0xx_hal_gpio.o
 .debug_line    0x0000000000006ef3     0x3273 ./Drivers/STM32F0xx_HAL_Driver/Src/stm32f0xx_hal_i2c.o
 .debug_line    0x000000000000a166      0x7e4 ./Drivers/STM32F0xx_HAL_Driver/Src/stm32f0xx_hal_i2c_ex.o
 .debug_line    0x000000000000a94a      0xd0f ./Drivers/STM32F0xx_HAL_Driver/Src/stm32f0xx_hal_rcc.o
 .debug_line    0x000000000000b659      0x882 ./Drivers/STM32F0xx_HAL_Driver/Src/stm32f0xx_hal_rcc_ex.o
 .debug_line    0x000000000000bedb     0x1e7a ./Drivers/STM32F0xx_HAL_Driver/Src/stm32f0xx_hal_spi.o

.debug_str      0x0000000000000000    0x5aeaa
 .debug_str     0x0000000000000000    0x5835e ./Core/Src/BME280.o
                                      0x586e0 (size before relaxing)
 .debug_str     0x000000000005835e      0x862 ./Core/Src/NRF24.o
                                      0x57b2e (size before relaxing)
 .debug_str     0x0000000000058bc0      0x1fd ./Core/Src/gpio.o
                                      0x58577 (size before relaxing)
 .debug_str     0x0000000000058dbd       0x81 ./Core/Src/i2c.o
                                      0x5890a (size before relaxing)
 .debug_str     0x0000000000058e3e      0x268 ./Core/Src/main.o
                                      0x5863d (size before relaxing)
 .debug_str     0x00000000000590a6       0x4b ./Core/Src/spi.o
                                      0x58825 (size before relaxing)
 .debug_str     0x00000000000590f1       0x2c ./Core/Src/stm32f0xx_hal_msp.o
                                      0x5832e (size before relaxing)
 .debug_str     0x000000000005911d       0xae ./Core/Src/stm32f0xx_it.o
                                      0x58356 (size before relaxing)
 .debug_str     0x00000000000591cb       0x7b ./Core/Src/system_stm32f0xx.o
                                      0x543c1 (size before relaxing)
 .debug_str     0x0000000000059246       0x36 ./Core/Startup/startup_stm32f030k6tx.o
                                         0x86 (size before relaxing)
 .debug_str     0x000000000005927c      0x37a ./Drivers/STM32F0xx_HAL_Driver/Src/stm32f0xx_hal.o
                                      0x5491d (size before relaxing)
 .debug_str     0x00000000000595f6      0x1b5 ./Drivers/STM32F0xx_HAL_Driver/Src/stm32f0xx_hal_cortex.o
                                      0x5470e (size before relaxing)
 .debug_str     0x00000000000597ab       0xce ./Drivers/STM32F0xx_HAL_Driver/Src/stm32f0xx_hal_gpio.o
                                      0x54562 (size before relaxing)
 .debug_str     0x0000000000059879      0xdcf ./Drivers/STM32F0xx_HAL_Driver/Src/stm32f0xx_hal_i2c.o
                                      0x55688 (size before relaxing)
 .debug_str     0x000000000005a648       0x89 ./Drivers/STM32F0xx_HAL_Driver/Src/stm32f0xx_hal_i2c_ex.o
                                      0x54904 (size before relaxing)
 .debug_str     0x000000000005a6d1      0x20f ./Drivers/STM32F0xx_HAL_Driver/Src/stm32f0xx_hal_rcc.o
                                      0x547fd (size before relaxing)
 .debug_str     0x000000000005a8e0       0x97 ./Drivers/STM32F0xx_HAL_Driver/Src/stm32f0xx_hal_rcc_ex.o
                                      0x5450a (size before relaxing)
 .debug_str     0x000000000005a977      0x533 ./Drivers/STM32F0xx_HAL_Driver/Src/stm32f0xx_hal_spi.o
                                      0x54d2b (size before relaxing)

.comment        0x0000000000000000       0x50
 .comment       0x0000000000000000       0x50 ./Core/Src/BME280.o
                                         0x51 (size before relaxing)
 .comment       0x0000000000000050       0x51 ./Core/Src/NRF24.o
 .comment       0x0000000000000050       0x51 ./Core/Src/gpio.o
 .comment       0x0000000000000050       0x51 ./Core/Src/i2c.o
 .comment       0x0000000000000050       0x51 ./Core/Src/main.o
 .comment       0x0000000000000050       0x51 ./Core/Src/spi.o
 .comment       0x0000000000000050       0x51 ./Core/Src/stm32f0xx_hal_msp.o
 .comment       0x0000000000000050       0x51 ./Core/Src/stm32f0xx_it.o
 .comment       0x0000000000000050       0x51 ./Core/Src/system_stm32f0xx.o
 .comment       0x0000000000000050       0x51 ./Drivers/STM32F0xx_HAL_Driver/Src/stm32f0xx_hal.o
 .comment       0x0000000000000050       0x51 ./Drivers/STM32F0xx_HAL_Driver/Src/stm32f0xx_hal_cortex.o
 .comment       0x0000000000000050       0x51 ./Drivers/STM32F0xx_HAL_Driver/Src/stm32f0xx_hal_gpio.o
 .comment       0x0000000000000050       0x51 ./Drivers/STM32F0xx_HAL_Driver/Src/stm32f0xx_hal_i2c.o
 .comment       0x0000000000000050       0x51 ./Drivers/STM32F0xx_HAL_Driver/Src/stm32f0xx_hal_i2c_ex.o
 .comment       0x0000000000000050       0x51 ./Drivers/STM32F0xx_HAL_Driver/Src/stm32f0xx_hal_rcc.o
 .comment       0x0000000000000050       0x51 ./Drivers/STM32F0xx_HAL_Driver/Src/stm32f0xx_hal_rcc_ex.o
 .comment       0x0000000000000050       0x51 ./Drivers/STM32F0xx_HAL_Driver/Src/stm32f0xx_hal_spi.o

.debug_frame    0x0000000000000000     0x2350
 .debug_frame   0x0000000000000000      0x2fc ./Core/Src/BME280.o
 .debug_frame   0x00000000000002fc      0x1f0 ./Core/Src/NRF24.o
 .debug_frame   0x00000000000004ec       0x30 ./Core/Src/gpio.o
 .debug_frame   0x000000000000051c       0x6c ./Core/Src/i2c.o
 .debug_frame   0x0000000000000588       0x8c ./Core/Src/main.o
 .debug_frame   0x0000000000000614       0x6c ./Core/Src/spi.o
 .debug_frame   0x0000000000000680       0x30 ./Core/Src/stm32f0xx_hal_msp.o
 .debug_frame   0x00000000000006b0       0xb8 ./Core/Src/stm32f0xx_it.o
 .debug_frame   0x0000000000000768       0x4c ./Core/Src/system_stm32f0xx.o
 .debug_frame   0x00000000000007b4      0x2a4 ./Drivers/STM32F0xx_HAL_Driver/Src/stm32f0xx_hal.o
 .debug_frame   0x0000000000000a58      0x2a0 ./Drivers/STM32F0xx_HAL_Driver/Src/stm32f0xx_hal_cortex.o
 .debug_frame   0x0000000000000cf8      0x110 ./Drivers/STM32F0xx_HAL_Driver/Src/stm32f0xx_hal_gpio.o
 .debug_frame   0x0000000000000e08      0xa24 ./Drivers/STM32F0xx_HAL_Driver/Src/stm32f0xx_hal_i2c.o
 .debug_frame   0x000000000000182c       0x90 ./Drivers/STM32F0xx_HAL_Driver/Src/stm32f0xx_hal_i2c_ex.o
 .debug_frame   0x00000000000018bc      0x198 ./Drivers/STM32F0xx_HAL_Driver/Src/stm32f0xx_hal_rcc.o
 .debug_frame   0x0000000000001a54       0x70 ./Drivers/STM32F0xx_HAL_Driver/Src/stm32f0xx_hal_rcc_ex.o
 .debug_frame   0x0000000000001ac4      0x710 ./Drivers/STM32F0xx_HAL_Driver/Src/stm32f0xx_hal_spi.o
 .debug_frame   0x00000000000021d4       0x2c c:/st/stm32cubeide_1.4.0/stm32cubeide/plugins/com.st.stm32cube.ide.mcu.externaltools.gnu-tools-for-stm32.10.3-2021.10.win32_1.0.100.202210260954/tools/bin/../lib/gcc/arm-none-eabi/10.3.1/../../../../arm-none-eabi/lib/thumb/v6-m/nofp\libc_nano.a(lib_a-init.o)
 .debug_frame   0x0000000000002200       0x20 c:/st/stm32cubeide_1.4.0/stm32cubeide/plugins/com.st.stm32cube.ide.mcu.externaltools.gnu-tools-for-stm32.10.3-2021.10.win32_1.0.100.202210260954/tools/bin/../lib/gcc/arm-none-eabi/10.3.1/../../../../arm-none-eabi/lib/thumb/v6-m/nofp\libc_nano.a(lib_a-memset.o)
 .debug_frame   0x0000000000002220       0x20 c:/st/stm32cubeide_1.4.0/stm32cubeide/plugins/com.st.stm32cube.ide.mcu.externaltools.gnu-tools-for-stm32.10.3-2021.10.win32_1.0.100.202210260954/tools/bin/../lib/gcc/arm-none-eabi/10.3.1/thumb/v6-m/nofp\libgcc.a(_udivsi3.o)
 .debug_frame   0x0000000000002240       0x34 c:/st/stm32cubeide_1.4.0/stm32cubeide/plugins/com.st.stm32cube.ide.mcu.externaltools.gnu-tools-for-stm32.10.3-2021.10.win32_1.0.100.202210260954/tools/bin/../lib/gcc/arm-none-eabi/10.3.1/thumb/v6-m/nofp\libgcc.a(_muldi3.o)
 .debug_frame   0x0000000000002274       0x38 c:/st/stm32cubeide_1.4.0/stm32cubeide/plugins/com.st.stm32cube.ide.mcu.externaltools.gnu-tools-for-stm32.10.3-2021.10.win32_1.0.100.202210260954/tools/bin/../lib/gcc/arm-none-eabi/10.3.1/thumb/v6-m/nofp\libgcc.a(bpabi.o)
 .debug_frame   0x00000000000022ac       0x38 c:/st/stm32cubeide_1.4.0/stm32cubeide/plugins/com.st.stm32cube.ide.mcu.externaltools.gnu-tools-for-stm32.10.3-2021.10.win32_1.0.100.202210260954/tools/bin/../lib/gcc/arm-none-eabi/10.3.1/thumb/v6-m/nofp\libgcc.a(divsf3.o)
 .debug_frame   0x00000000000022e4       0x30 c:/st/stm32cubeide_1.4.0/stm32cubeide/plugins/com.st.stm32cube.ide.mcu.externaltools.gnu-tools-for-stm32.10.3-2021.10.win32_1.0.100.202210260954/tools/bin/../lib/gcc/arm-none-eabi/10.3.1/thumb/v6-m/nofp\libgcc.a(floatsisf.o)
 .debug_frame   0x0000000000002314       0x3c c:/st/stm32cubeide_1.4.0/stm32cubeide/plugins/com.st.stm32cube.ide.mcu.externaltools.gnu-tools-for-stm32.10.3-2021.10.win32_1.0.100.202210260954/tools/bin/../lib/gcc/arm-none-eabi/10.3.1/thumb/v6-m/nofp\libgcc.a(_divdi3.o)
