../Core/Src/BME280.c:14:6:Error	8	static
../Core/Src/BME280.c:23:13:I2Cx_WriteData	48	static
../Core/Src/BME280.c:37:16:I2Cx_ReadData	56	static
../Core/Src/BME280.c:56:13:I2Cx_ReadData16	48	static
../Core/Src/BME280.c:70:13:I2Cx_ReadData24	48	static
../Core/Src/BME280.c:83:6:BME280_WriteReg	16	static
../Core/Src/BME280.c:92:9:BME280_ReadReg	32	static
../Core/Src/BME280.c:103:6:BME280_ReadReg_U16	16	static
../Core/Src/BME280.c:113:6:BME280_ReadReg_S16	16	static
../Core/Src/BME280.c:122:6:BME280_ReadReg_U24	16	static
../Core/Src/BME280.c:133:6:BME280_ReadReg_BE_U24	16	static
../Core/Src/BME280.c:144:9:BME280_ReadStatus	16	static
../Core/Src/BME280.c:157:6:BME280_ReadCoefficients	8	static
../Core/Src/BME280.c:177:6:BME280_SetStandby	24	static
../Core/Src/BME280.c:190:6:BME280_SetFilter	24	static
../Core/Src/BME280.c:203:6:BME280_SetOversamplingTemper	24	static
../Core/Src/BME280.c:219:6:BME280_SetOversamplingPressure	24	static
../Core/Src/BME280.c:234:6:BME280_SetMode	24	static
../Core/Src/BME280.c:249:7:BME280_ReadTemperature	32	static
../Core/Src/BME280.c:283:10:BME280_ReadPressure	216	static
../Core/Src/BME280.c:339:7:BME280_ReadAltitude	24	static
../Core/Src/BME280.c:350:20:BME280_GetStatus	8	static
../Core/Src/BME280.c:356:6:BME280_Init	24	static
