Archive member included to satisfy reference by file (symbol)

/home/seradya/toolchains/gcc-arm-none-eabi-10.3-2021.10/bin/../lib/gcc/arm-none-eabi/10.3.1/../../../../arm-none-eabi/lib/thumb/v6-m/nofp/libc_nano.a(lib_a-exit.o)
                              /home/seradya/toolchains/gcc-arm-none-eabi-10.3-2021.10/bin/../lib/gcc/arm-none-eabi/10.3.1/../../../../arm-none-eabi/lib/thumb/v6-m/nofp/crt0.o (exit)
/home/seradya/toolchains/gcc-arm-none-eabi-10.3-2021.10/bin/../lib/gcc/arm-none-eabi/10.3.1/../../../../arm-none-eabi/lib/thumb/v6-m/nofp/libc_nano.a(lib_a-impure.o)
                              /home/seradya/toolchains/gcc-arm-none-eabi-10.3-2021.10/bin/../lib/gcc/arm-none-eabi/10.3.1/../../../../arm-none-eabi/lib/thumb/v6-m/nofp/libc_nano.a(lib_a-exit.o) (_global_impure_ptr)
/home/seradya/toolchains/gcc-arm-none-eabi-10.3-2021.10/bin/../lib/gcc/arm-none-eabi/10.3.1/../../../../arm-none-eabi/lib/thumb/v6-m/nofp/libc_nano.a(lib_a-init.o)
                              /home/seradya/toolchains/gcc-arm-none-eabi-10.3-2021.10/bin/../lib/gcc/arm-none-eabi/10.3.1/../../../../arm-none-eabi/lib/thumb/v6-m/nofp/crt0.o (__libc_init_array)
/home/seradya/toolchains/gcc-arm-none-eabi-10.3-2021.10/bin/../lib/gcc/arm-none-eabi/10.3.1/../../../../arm-none-eabi/lib/thumb/v6-m/nofp/libc_nano.a(lib_a-memset.o)
                              /home/seradya/toolchains/gcc-arm-none-eabi-10.3-2021.10/bin/../lib/gcc/arm-none-eabi/10.3.1/../../../../arm-none-eabi/lib/thumb/v6-m/nofp/crt0.o (memset)
/home/seradya/toolchains/gcc-arm-none-eabi-10.3-2021.10/bin/../lib/gcc/arm-none-eabi/10.3.1/../../../../arm-none-eabi/lib/thumb/v6-m/nofp/libnosys.a(_exit.o)
                              /home/seradya/toolchains/gcc-arm-none-eabi-10.3-2021.10/bin/../lib/gcc/arm-none-eabi/10.3.1/../../../../arm-none-eabi/lib/thumb/v6-m/nofp/libc_nano.a(lib_a-exit.o) (_exit)
/home/seradya/toolchains/gcc-arm-none-eabi-10.3-2021.10/bin/../lib/gcc/arm-none-eabi/10.3.1/thumb/v6-m/nofp/libgcc.a(_udivsi3.o)
                              build/NRF24.o (__aeabi_uidiv)
/home/seradya/toolchains/gcc-arm-none-eabi-10.3-2021.10/bin/../lib/gcc/arm-none-eabi/10.3.1/thumb/v6-m/nofp/libgcc.a(_dvmd_tls.o)
                              /home/seradya/toolchains/gcc-arm-none-eabi-10.3-2021.10/bin/../lib/gcc/arm-none-eabi/10.3.1/thumb/v6-m/nofp/libgcc.a(_udivsi3.o) (__aeabi_idiv0)
/home/seradya/toolchains/gcc-arm-none-eabi-10.3-2021.10/bin/../lib/gcc/arm-none-eabi/10.3.1/thumb/v6-m/nofp/libgcc.a(_aeabi_ldivmod.o)
                              build/BME280.o (__aeabi_ldivmod)
/home/seradya/toolchains/gcc-arm-none-eabi-10.3-2021.10/bin/../lib/gcc/arm-none-eabi/10.3.1/thumb/v6-m/nofp/libgcc.a(_muldi3.o)
                              build/BME280.o (__aeabi_lmul)
/home/seradya/toolchains/gcc-arm-none-eabi-10.3-2021.10/bin/../lib/gcc/arm-none-eabi/10.3.1/thumb/v6-m/nofp/libgcc.a(bpabi.o)
                              /home/seradya/toolchains/gcc-arm-none-eabi-10.3-2021.10/bin/../lib/gcc/arm-none-eabi/10.3.1/thumb/v6-m/nofp/libgcc.a(_aeabi_ldivmod.o) (__gnu_ldivmod_helper)
/home/seradya/toolchains/gcc-arm-none-eabi-10.3-2021.10/bin/../lib/gcc/arm-none-eabi/10.3.1/thumb/v6-m/nofp/libgcc.a(divsf3.o)
                              build/BME280.o (__aeabi_fdiv)
/home/seradya/toolchains/gcc-arm-none-eabi-10.3-2021.10/bin/../lib/gcc/arm-none-eabi/10.3.1/thumb/v6-m/nofp/libgcc.a(floatsisf.o)
                              build/BME280.o (__aeabi_i2f)
/home/seradya/toolchains/gcc-arm-none-eabi-10.3-2021.10/bin/../lib/gcc/arm-none-eabi/10.3.1/thumb/v6-m/nofp/libgcc.a(_clzsi2.o)
                              /home/seradya/toolchains/gcc-arm-none-eabi-10.3-2021.10/bin/../lib/gcc/arm-none-eabi/10.3.1/thumb/v6-m/nofp/libgcc.a(divsf3.o) (__clzsi2)
/home/seradya/toolchains/gcc-arm-none-eabi-10.3-2021.10/bin/../lib/gcc/arm-none-eabi/10.3.1/thumb/v6-m/nofp/libgcc.a(_divdi3.o)
                              /home/seradya/toolchains/gcc-arm-none-eabi-10.3-2021.10/bin/../lib/gcc/arm-none-eabi/10.3.1/thumb/v6-m/nofp/libgcc.a(bpabi.o) (__divdi3)
/home/seradya/toolchains/gcc-arm-none-eabi-10.3-2021.10/bin/../lib/gcc/arm-none-eabi/10.3.1/thumb/v6-m/nofp/libgcc.a(_clzdi2.o)
                              /home/seradya/toolchains/gcc-arm-none-eabi-10.3-2021.10/bin/../lib/gcc/arm-none-eabi/10.3.1/thumb/v6-m/nofp/libgcc.a(_divdi3.o) (__clzdi2)

Discarded input sections

 .text          0x0000000000000000        0x0 /home/seradya/toolchains/gcc-arm-none-eabi-10.3-2021.10/bin/../lib/gcc/arm-none-eabi/10.3.1/thumb/v6-m/nofp/crti.o
 .data          0x0000000000000000        0x0 /home/seradya/toolchains/gcc-arm-none-eabi-10.3-2021.10/bin/../lib/gcc/arm-none-eabi/10.3.1/thumb/v6-m/nofp/crti.o
 .bss           0x0000000000000000        0x0 /home/seradya/toolchains/gcc-arm-none-eabi-10.3-2021.10/bin/../lib/gcc/arm-none-eabi/10.3.1/thumb/v6-m/nofp/crti.o
 .data          0x0000000000000000        0x4 /home/seradya/toolchains/gcc-arm-none-eabi-10.3-2021.10/bin/../lib/gcc/arm-none-eabi/10.3.1/thumb/v6-m/nofp/crtbegin.o
[...]
Memory Configuration

Name             Origin             Length             Attributes
RAM              0x0000000020000000 0x0000000000001000 xrw
FLASH            0x0000000008000000 0x0000000000008000 xr
*default*        0x0000000000000000 0xffffffffffffffff

Linker script and memory map

LOAD /home/seradya/toolchains/gcc-arm-none-eabi-10.3-2021.10/bin/../lib/gcc/arm-none-eabi/10.3.1/thumb/v6-m/nofp/crti.o
LOAD /home/seradya/toolchains/gcc-arm-none-eabi-10.3-2021.10/bin/../lib/gcc/arm-none-eabi/10.3.1/thumb/v6-m/nofp/crtbegin.o
LOAD /home/seradya/toolchains/gcc-arm-none-eabi-10.3-2021.10/bin/../lib/gcc/arm-none-eabi/10.3.1/../../../../arm-none-eabi/lib/thumb/v6-m/nofp/crt0.o
LOAD build/main.o
LOAD build/gpio.o
LOAD build/i2c.o
LOAD build/spi.o
LOAD build/NRF24.o
LOAD build/BME280.o
LOAD build/stm32f0xx_it.o
LOAD build/stm32f0xx_hal_msp.o
LOAD build/stm32f0xx_hal_i2c.o
LOAD build/stm32f0xx_hal_i2c_ex.o
LOAD build/stm32f0xx_hal_rcc.o
LOAD build/stm32f0xx_hal_rcc_ex.o
LOAD build/stm32f0xx_hal.o
LOAD build/stm32f0xx_hal_gpio.o
LOAD build/stm32f0xx_hal_dma.o
LOAD build/stm32f0xx_hal_cortex.o
LOAD build/stm32f0xx_hal_pwr.o
LOAD build/stm32f0xx_hal_pwr_ex.o
LOAD build/stm32f0xx_hal_flash.o
LOAD build/stm32f0xx_hal_flash_ex.o
LOAD build/stm32f0xx_hal_exti.o
LOAD build/stm32f0xx_hal_spi.o
LOAD build/stm32f0xx_hal_spi_ex.o
LOAD build/stm32f0xx_hal_tim.o
LOAD build/stm32f0xx_hal_tim_ex.o
LOAD build/system_stm32f0xx.o
LOAD build/startup_stm32f030x6.o
LOAD /home/seradya/toolchains/gcc-arm-none-eabi-10.3-2021.10/bin/../lib/gcc/arm-none-eabi/10.3.1/../../../../arm-none-eabi/lib/thumb/v6-m/nofp/libc_nano.a
LOAD /home/seradya/toolchains/gcc-arm-none-eabi-10.3-2021.10/bin/../lib/gcc/arm-none-eabi/10.3.1/../../../../arm-none-eabi/lib/thumb/v6-m/nofp/libm.a
LOAD /home/seradya/toolchains/gcc-arm-none-eabi-10.3-2021.10/bin/../lib/gcc/arm-none-eabi/10.3.1/../../../../arm-none-eabi/lib/thumb/v6-m/nofp/libnosys.a
START GROUP
LOAD /home/seradya/toolchains/gcc-arm-none-eabi-10.3-2021.10/bin/../lib/gcc/arm-none-eabi/10.3.1/thumb/v6-m/nofp/libgcc.a
LOAD /home/seradya/toolchains/gcc-arm-none-eabi-10.3-2021.10/bin/../lib/gcc/arm-none-eabi/10.3.1/../../../../arm-none-eabi/lib/thumb/v6-m/nofp/libc_nano.a
END GROUP
START GROUP
LOAD /home/seradya/toolchains/gcc-arm-none-eabi-10.3-2021.10/bin/../lib/gcc/arm-none-eabi/10.3.1/thumb/v6-m/nofp/libgcc.a
LOAD /home/seradya/toolchains/gcc-arm-none-eabi-10.3-2021.10/bin/../lib/gcc/arm-none-eabi/10.3.1/../../../../arm-none-eabi/lib/thumb/v6-m/nofp/libc_nano.a
END GROUP
LOAD /home/seradya/toolchains/gcc-arm-none-eabi-10.3-2021.10/bin/../lib/gcc/arm-none-eabi/10.3.1/thumb/v6-m/nofp/crtend.o
LOAD /home/seradya/toolchains/gcc-arm-none-eabi-10.3-2021.10/bin/../lib/gcc/arm-none-eabi/10.3.1/thumb/v6-m/nofp/crtn.o
                0x0000000020001000                _estack = (ORIGIN (RAM) + LENGTH (RAM))
                0x0000000000000200                _Min_Heap_Size = 0x200
                0x0000000000000400                _Min_Stack_Size = 0x400

.isr_vector     0x0000000008000000       0xc0
                0x0000000008000000                . = ALIGN (0x4)
 *(.isr_vector)
 .isr_vector    0x0000000008000000       0xc0 build/startup_stm32f030x6.o
                0x0000000008000000                g_pfnVectors
                0x00000000080000c0                . = ALIGN (0x4)

.text           0x00000000080000c0     0x30b0
                0x00000000080000c0                . = ALIGN (0x4)
 *(.text)
 .text          0x00000000080000c0       0x48 /home/seradya/toolchains/gcc-arm-none-eabi-10.3-2021.10/bin/../lib/gcc/arm-none-eabi/10.3.1/thumb/v6-m/nofp/crtbegin.o
 .text          0x0000000008000108      0x114 /home/seradya/toolchains/gcc-arm-none-eabi-10.3-2021.10/bin/../lib/gcc/arm-none-eabi/10.3.1/thumb/v6-m/nofp/libgcc.a(_udivsi3.o)
                0x0000000008000108                __udivsi3
                0x0000000008000108                __aeabi_uidiv
                0x0000000008000214                __aeabi_uidivmod
 .text          0x000000000800021c        0x4 /home/seradya/toolchains/gcc-arm-none-eabi-10.3-2021.10/bin/../lib/gcc/arm-none-eabi/10.3.1/thumb/v6-m/nofp/libgcc.a(_dvmd_tls.o)
                0x000000000800021c                __aeabi_ldiv0
                0x000000000800021c                __aeabi_idiv0
 .text          0x0000000008000220       0x48 /home/seradya/toolchains/gcc-arm-none-eabi-10.3-2021.10/bin/../lib/gcc/arm-none-eabi/10.3.1/thumb/v6-m/nofp/libgcc.a(_aeabi_ldivmod.o)
                0x0000000008000220                __aeabi_ldivmod
 .text          0x0000000008000268       0x5c /home/seradya/toolchains/gcc-arm-none-eabi-10.3-2021.10/bin/../lib/gcc/arm-none-eabi/10.3.1/thumb/v6-m/nofp/libgcc.a(_muldi3.o)
                0x0000000008000268                __aeabi_lmul
                0x0000000008000268                __muldi3
 .text          0x00000000080002c4       0x3c /home/seradya/toolchains/gcc-arm-none-eabi-10.3-2021.10/bin/../lib/gcc/arm-none-eabi/10.3.1/thumb/v6-m/nofp/libgcc.a(bpabi.o)
                0x00000000080002c4                __gnu_ldivmod_helper
 .text          0x0000000008000300      0x230 /home/seradya/toolchains/gcc-arm-none-eabi-10.3-2021.10/bin/../lib/gcc/arm-none-eabi/10.3.1/thumb/v6-m/nofp/libgcc.a(divsf3.o)
                0x0000000008000300                __aeabi_fdiv
 .text          0x0000000008000530       0x9c /home/seradya/toolchains/gcc-arm-none-eabi-10.3-2021.10/bin/../lib/gcc/arm-none-eabi/10.3.1/thumb/v6-m/nofp/libgcc.a(floatsisf.o)
                0x0000000008000530                __aeabi_i2f
 .text          0x00000000080005cc       0x3c /home/seradya/toolchains/gcc-arm-none-eabi-10.3-2021.10/bin/../lib/gcc/arm-none-eabi/10.3.1/thumb/v6-m/nofp/libgcc.a(_clzsi2.o)
                0x00000000080005cc                __clzsi2
 .text          0x0000000008000608      0x1cc /home/seradya/toolchains/gcc-arm-none-eabi-10.3-2021.10/bin/../lib/gcc/arm-none-eabi/10.3.1/thumb/v6-m/nofp/libgcc.a(_divdi3.o)
                0x0000000008000608                __divdi3
 .text          0x00000000080007d4       0x18 /home/seradya/toolchains/gcc-arm-none-eabi-10.3-2021.10/bin/../lib/gcc/arm-none-eabi/10.3.1/thumb/v6-m/nofp/libgcc.a(_clzdi2.o)
                0x00000000080007d4                __clzdi2
 *(.text*)
 .text.HAL_GPIO_EXTI_Callback
                0x00000000080007ec        0xe build/main.o
                0x00000000080007ec                HAL_GPIO_EXTI_Callback
 .text.Error_Handler
                0x00000000080007fa        0x4 build/main.o
                0x00000000080007fa                Error_Handler
 .text.SystemClock_Config
                0x00000000080007fe       0x7e build/main.o
                0x00000000080007fe                SystemClock_Config
 .text.main     0x000000000800087c       0x48 build/main.o
                0x000000000800087c                main
 .text.MX_GPIO_Init
                0x00000000080008c4       0xcc build/gpio.o
                0x00000000080008c4                MX_GPIO_Init
 .text.MX_I2C1_Init
                0x0000000008000990       0x60 build/i2c.o
                0x0000000008000990                MX_I2C1_Init
 .text.HAL_I2C_MspInit
                0x00000000080009f0       0x68 build/i2c.o
                0x00000000080009f0                HAL_I2C_MspInit
 .text.MX_SPI1_Init
                0x0000000008000a58       0x50 build/spi.o
                0x0000000008000a58                MX_SPI1_Init
 .text.HAL_SPI_MspInit
                0x0000000008000aa8       0x64 build/spi.o
                0x0000000008000aa8                HAL_SPI_MspInit
 .text.NRF24_ReadReg
                0x0000000008000b0c       0x70 build/NRF24.o
                0x0000000008000b0c                NRF24_ReadReg
 .text.NRF24_WriteReg
                0x0000000008000b7c       0x68 build/NRF24.o
                0x0000000008000b7c                NRF24_WriteReg
 .text.NRF24_ToggleFeatures
                0x0000000008000be4       0x70 build/NRF24.o
                0x0000000008000be4                NRF24_ToggleFeatures
 .text.NRF24_Read_Buf
                0x0000000008000c54       0x60 build/NRF24.o
                0x0000000008000c54                NRF24_Read_Buf
 .text.NRF24_Write_Buf
                0x0000000008000cb4       0x70 build/NRF24.o
                0x0000000008000cb4                NRF24_Write_Buf
 .text.NRF24_FlushRX
                0x0000000008000d24       0x5c build/NRF24.o
                0x0000000008000d24                NRF24_FlushRX
 .text.NRF24_FlushTX
                0x0000000008000d80       0x5c build/NRF24.o
                0x0000000008000d80                NRF24_FlushTX
 .text.NRF24L01_RX_Mode
                0x0000000008000ddc       0x4c build/NRF24.o
                0x0000000008000ddc                NRF24L01_RX_Mode
 .text.NRF24L01_Receive
                0x0000000008000e28       0x2c build/NRF24.o
                0x0000000008000e28                NRF24L01_Receive
 .text.NRF24L01_IT
                0x0000000008000e54       0x38 build/NRF24.o
                0x0000000008000e54                NRF24L01_IT
 .text.NRF24_ini
                0x0000000008000e8c       0xbc build/NRF24.o
                0x0000000008000e8c                NRF24_ini
 .text.I2Cx_WriteData
                0x0000000008000f48       0x38 build/BME280.o
 .text.I2Cx_ReadData
                0x0000000008000f80       0x40 build/BME280.o
 .text.I2Cx_ReadData16
                0x0000000008000fc0       0x34 build/BME280.o
 .text.I2Cx_ReadData24
                0x0000000008000ff4       0x34 build/BME280.o
 .text.BME280_WriteReg
                0x0000000008001028        0xe build/BME280.o
                0x0000000008001028                BME280_WriteReg
 .text.BME280_ReadReg
                0x0000000008001036        0xc build/BME280.o
                0x0000000008001036                BME280_ReadReg
 .text.BME280_ReadReg_U16
                0x0000000008001042        0xe build/BME280.o
                0x0000000008001042                BME280_ReadReg_U16
 .text.BME280_ReadReg_S16
                0x0000000008001050        0xe build/BME280.o
                0x0000000008001050                BME280_ReadReg_S16
 .text.BME280_ReadReg_BE_U24
                0x000000000800105e       0x2c build/BME280.o
                0x000000000800105e                BME280_ReadReg_BE_U24
 .text.BME280_ReadStatus
                0x000000000800108a        0xe build/BME280.o
                0x000000000800108a                BME280_ReadStatus
 .text.BME280_ReadCoefficients
                0x0000000008001098       0x7c build/BME280.o
                0x0000000008001098                BME280_ReadCoefficients
 .text.BME280_SetStandby
                0x0000000008001114       0x20 build/BME280.o
                0x0000000008001114                BME280_SetStandby
 .text.BME280_SetFilter
                0x0000000008001134       0x1e build/BME280.o
                0x0000000008001134                BME280_SetFilter
 .text.BME280_SetOversamplingTemper
                0x0000000008001152       0x20 build/BME280.o
                0x0000000008001152                BME280_SetOversamplingTemper
 .text.BME280_SetOversamplingPressure
                0x0000000008001172       0x1e build/BME280.o
                0x0000000008001172                BME280_SetOversamplingPressure
 .text.BME280_SetMode
                0x0000000008001190       0x1e build/BME280.o
                0x0000000008001190                BME280_SetMode
 *fill*         0x00000000080011ae        0x2 
 .text.BME280_ReadTemperature
                0x00000000080011b0       0x58 build/BME280.o
                0x00000000080011b0                BME280_ReadTemperature
 .text.BME280_ReadPressure
                0x0000000008001208      0x1c4 build/BME280.o
                0x0000000008001208                BME280_ReadPressure
 .text.BME280_GetStatus
                0x00000000080013cc        0xc build/BME280.o
                0x00000000080013cc                BME280_GetStatus
 .text.BME280_Init
                0x00000000080013d8       0x50 build/BME280.o
                0x00000000080013d8                BME280_Init
 .text.NMI_Handler
                0x0000000008001428        0x2 build/stm32f0xx_it.o
                0x0000000008001428                NMI_Handler
 .text.HardFault_Handler
                0x000000000800142a        0x2 build/stm32f0xx_it.o
                0x000000000800142a                HardFault_Handler
 .text.SVC_Handler
                0x000000000800142c        0x2 build/stm32f0xx_it.o
                0x000000000800142c                SVC_Handler
 .text.PendSV_Handler
                0x000000000800142e        0x2 build/stm32f0xx_it.o
                0x000000000800142e                PendSV_Handler
 .text.SysTick_Handler
                0x0000000008001430        0x8 build/stm32f0xx_it.o
                0x0000000008001430                SysTick_Handler
 .text.EXTI0_1_IRQHandler
                0x0000000008001438        0xa build/stm32f0xx_it.o
                0x0000000008001438                EXTI0_1_IRQHandler
 *fill*         0x0000000008001442        0x2 
 .text.HAL_MspInit
                0x0000000008001444       0x30 build/stm32f0xx_hal_msp.o
                0x0000000008001444                HAL_MspInit
 .text.I2C_Flush_TXDR
                0x0000000008001474       0x1e build/stm32f0xx_hal_i2c.o
 *fill*         0x0000000008001492        0x2 
 .text.I2C_TransferConfig
                0x0000000008001494       0x30 build/stm32f0xx_hal_i2c.o
 .text.I2C_IsErrorOccurred
                0x00000000080014c4      0x118 build/stm32f0xx_hal_i2c.o
 .text.I2C_WaitOnTXISFlagUntilTimeout
                0x00000000080015dc       0x5a build/stm32f0xx_hal_i2c.o
 .text.I2C_WaitOnFlagUntilTimeout
                0x0000000008001636       0x70 build/stm32f0xx_hal_i2c.o
 *fill*         0x00000000080016a6        0x2 
 .text.I2C_RequestMemoryWrite
                0x00000000080016a8       0x78 build/stm32f0xx_hal_i2c.o
 .text.I2C_RequestMemoryRead
                0x0000000008001720       0x74 build/stm32f0xx_hal_i2c.o
 .text.I2C_WaitOnSTOPFlagUntilTimeout
                0x0000000008001794       0x5a build/stm32f0xx_hal_i2c.o
 *fill*         0x00000000080017ee        0x2 
 .text.HAL_I2C_Init
                0x00000000080017f0       0xcc build/stm32f0xx_hal_i2c.o
                0x00000000080017f0                HAL_I2C_Init
 .text.HAL_I2C_Mem_Write
                0x00000000080018bc      0x1a0 build/stm32f0xx_hal_i2c.o
                0x00000000080018bc                HAL_I2C_Mem_Write
 .text.HAL_I2C_Mem_Read
                0x0000000008001a5c      0x1a8 build/stm32f0xx_hal_i2c.o
                0x0000000008001a5c                HAL_I2C_Mem_Read
 .text.HAL_I2CEx_ConfigAnalogFilter
                0x0000000008001c04       0x58 build/stm32f0xx_hal_i2c_ex.o
                0x0000000008001c04                HAL_I2CEx_ConfigAnalogFilter
 .text.HAL_I2CEx_ConfigDigitalFilter
                0x0000000008001c5c       0x54 build/stm32f0xx_hal_i2c_ex.o
                0x0000000008001c5c                HAL_I2CEx_ConfigDigitalFilter
 .text.HAL_RCC_OscConfig
                0x0000000008001cb0      0x49c build/stm32f0xx_hal_rcc.o
                0x0000000008001cb0                HAL_RCC_OscConfig
 .text.HAL_RCC_GetSysClockFreq
                0x000000000800214c       0x54 build/stm32f0xx_hal_rcc.o
                0x000000000800214c                HAL_RCC_GetSysClockFreq
 .text.HAL_RCC_ClockConfig
                0x00000000080021a0      0x134 build/stm32f0xx_hal_rcc.o
                0x00000000080021a0                HAL_RCC_ClockConfig
 .text.HAL_RCCEx_PeriphCLKConfig
                0x00000000080022d4      0x11c build/stm32f0xx_hal_rcc_ex.o
                0x00000000080022d4                HAL_RCCEx_PeriphCLKConfig
 .text.HAL_InitTick
                0x00000000080023f0       0x50 build/stm32f0xx_hal.o
                0x00000000080023f0                HAL_InitTick
 .text.HAL_Init
                0x0000000008002440       0x20 build/stm32f0xx_hal.o
                0x0000000008002440                HAL_Init
 .text.HAL_IncTick
                0x0000000008002460       0x18 build/stm32f0xx_hal.o
                0x0000000008002460                HAL_IncTick
 .text.HAL_GetTick
                0x0000000008002478        0xc build/stm32f0xx_hal.o
                0x0000000008002478                HAL_GetTick
 .text.HAL_GPIO_Init
                0x0000000008002484      0x18c build/stm32f0xx_hal_gpio.o
                0x0000000008002484                HAL_GPIO_Init
 .text.HAL_GPIO_WritePin
                0x0000000008002610        0xc build/stm32f0xx_hal_gpio.o
                0x0000000008002610                HAL_GPIO_WritePin
 .text.HAL_GPIO_EXTI_IRQHandler
                0x000000000800261c       0x1c build/stm32f0xx_hal_gpio.o
                0x000000000800261c                HAL_GPIO_EXTI_IRQHandler
 .text.HAL_NVIC_SetPriority
                0x0000000008002638       0x60 build/stm32f0xx_hal_cortex.o
                0x0000000008002638                HAL_NVIC_SetPriority
 .text.HAL_NVIC_EnableIRQ
                0x0000000008002698       0x18 build/stm32f0xx_hal_cortex.o
                0x0000000008002698                HAL_NVIC_EnableIRQ
 .text.HAL_SYSTICK_Config
                0x00000000080026b0       0x38 build/stm32f0xx_hal_cortex.o
                0x00000000080026b0                HAL_SYSTICK_Config
 .text.SPI_WaitFlagStateUntilTimeout
                0x00000000080026e8       0xe8 build/stm32f0xx_hal_spi.o
 .text.SPI_WaitFifoStateUntilTimeout
                0x00000000080027d0      0x114 build/stm32f0xx_hal_spi.o
 .text.SPI_EndRxTxTransaction
                0x00000000080028e4       0x68 build/stm32f0xx_hal_spi.o
 .text.SPI_EndRxTransaction
                0x000000000800294c       0x90 build/stm32f0xx_hal_spi.o
 .text.HAL_SPI_Init
                0x00000000080029dc      0x104 build/stm32f0xx_hal_spi.o
                0x00000000080029dc                HAL_SPI_Init
 .text.HAL_SPI_Transmit
                0x0000000008002ae0      0x1b6 build/stm32f0xx_hal_spi.o
                0x0000000008002ae0                HAL_SPI_Transmit
 *fill*         0x0000000008002c96        0x2 
 .text.HAL_SPI_TransmitReceive
                0x0000000008002c98      0x260 build/stm32f0xx_hal_spi.o
                0x0000000008002c98                HAL_SPI_TransmitReceive
 .text.HAL_SPI_Receive
                0x0000000008002ef8      0x1b0 build/stm32f0xx_hal_spi.o
                0x0000000008002ef8                HAL_SPI_Receive
 .text.SystemInit
                0x00000000080030a8        0x2 build/system_stm32f0xx.o
                0x00000000080030a8                SystemInit
 *fill*         0x00000000080030aa        0x2 
 .text.Reset_Handler
                0x00000000080030ac       0x50 build/startup_stm32f030x6.o
                0x00000000080030ac                Reset_Handler
 .text.Default_Handler
                0x00000000080030fc        0x2 build/startup_stm32f030x6.o
                0x00000000080030fc                TIM1_CC_IRQHandler
                0x00000000080030fc                I2C1_IRQHandler
                0x00000000080030fc                SPI1_IRQHandler
                0x00000000080030fc                EXTI2_3_IRQHandler
                0x00000000080030fc                ADC1_IRQHandler
                0x00000000080030fc                TIM17_IRQHandler
                0x00000000080030fc                RTC_IRQHandler
                0x00000000080030fc                TIM16_IRQHandler
                0x00000000080030fc                TIM3_IRQHandler
                0x00000000080030fc                EXTI4_15_IRQHandler
                0x00000000080030fc                RCC_IRQHandler
                0x00000000080030fc                DMA1_Channel1_IRQHandler
                0x00000000080030fc                Default_Handler
                0x00000000080030fc                TIM14_IRQHandler
                0x00000000080030fc                DMA1_Channel4_5_IRQHandler
                0x00000000080030fc                WWDG_IRQHandler
                0x00000000080030fc                DMA1_Channel2_3_IRQHandler
                0x00000000080030fc                FLASH_IRQHandler
                0x00000000080030fc                USART1_IRQHandler
                0x00000000080030fc                TIM1_BRK_UP_TRG_COM_IRQHandler
 *fill*         0x00000000080030fe        0x2 
 .text.__libc_init_array
                0x0000000008003100       0x48 /home/seradya/toolchains/gcc-arm-none-eabi-10.3-2021.10/bin/../lib/gcc/arm-none-eabi/10.3.1/../../../../arm-none-eabi/lib/thumb/v6-m/nofp/libc_nano.a(lib_a-init.o)
                0x0000000008003100                __libc_init_array
 .text.memset   0x0000000008003148       0x10 /home/seradya/toolchains/gcc-arm-none-eabi-10.3-2021.10/bin/../lib/gcc/arm-none-eabi/10.3.1/../../../../arm-none-eabi/lib/thumb/v6-m/nofp/libc_nano.a(lib_a-memset.o)
                0x0000000008003148                memset
 *(.glue_7)
 .glue_7        0x0000000008003158        0x0 linker stubs
 *(.glue_7t)
 .glue_7t       0x0000000008003158        0x0 linker stubs
 *(.eh_frame)
 .eh_frame      0x0000000008003158        0x0 /home/seradya/toolchains/gcc-arm-none-eabi-10.3-2021.10/bin/../lib/gcc/arm-none-eabi/10.3.1/thumb/v6-m/nofp/crtbegin.o
 *(.init)
 .init          0x0000000008003158        0x4 /home/seradya/toolchains/gcc-arm-none-eabi-10.3-2021.10/bin/../lib/gcc/arm-none-eabi/10.3.1/thumb/v6-m/nofp/crti.o
                0x0000000008003158                _init
 .init          0x000000000800315c        0x8 /home/seradya/toolchains/gcc-arm-none-eabi-10.3-2021.10/bin/../lib/gcc/arm-none-eabi/10.3.1/thumb/v6-m/nofp/crtn.o
 *(.fini)
 .fini          0x0000000008003164        0x4 /home/seradya/toolchains/gcc-arm-none-eabi-10.3-2021.10/bin/../lib/gcc/arm-none-eabi/10.3.1/thumb/v6-m/nofp/crti.o
                0x0000000008003164                _fini
 .fini          0x0000000008003168        0x8 /home/seradya/toolchains/gcc-arm-none-eabi-10.3-2021.10/bin/../lib/gcc/arm-none-eabi/10.3.1/thumb/v6-m/nofp/crtn.o
                0x0000000008003170                . = ALIGN (0x4)
                0x0000000008003170                _etext = .

.vfp11_veneer   0x0000000008003170        0x0
 .vfp11_veneer  0x0000000008003170        0x0 linker stubs

.v4_bx          0x0000000008003170        0x0
 .v4_bx         0x0000000008003170        0x0 linker stubs

.iplt           0x0000000008003170        0x0
 .iplt          0x0000000008003170        0x0 /home/seradya/toolchains/gcc-arm-none-eabi-10.3-2021.10/bin/../lib/gcc/arm-none-eabi/10.3.1/thumb/v6-m/nofp/crtbegin.o

.rodata         0x0000000008003170       0xbc
                0x0000000008003170                . = ALIGN (0x4)
 *(.rodata)
 .rodata        0x0000000008003170       0x80 /home/seradya/toolchains/gcc-arm-none-eabi-10.3-2021.10/bin/../lib/gcc/arm-none-eabi/10.3.1/thumb/v6-m/nofp/libgcc.a(divsf3.o)
 *(.rodata*)
 .rodata.NRF24_ToggleFeatures.str1.4
                0x00000000080031f0        0x2 build/NRF24.o
 *fill*         0x00000000080031f2        0x2 
 .rodata.NRF24_FlushRX.str1.4
                0x00000000080031f4        0x2 build/NRF24.o
 *fill*         0x00000000080031f6        0x2 
 .rodata.NRF24_FlushTX.str1.4
                0x00000000080031f8        0x2 build/NRF24.o
 *fill*         0x00000000080031fa        0x2 
 .rodata.aPLLMULFactorTable.1
                0x00000000080031fc       0x10 build/stm32f0xx_hal_rcc.o
 .rodata.aPredivFactorTable.0
                0x000000000800320c       0x10 build/stm32f0xx_hal_rcc.o
 .rodata.AHBPrescTable
                0x000000000800321c       0x10 build/system_stm32f0xx.o
                0x000000000800321c                AHBPrescTable
                0x000000000800322c                . = ALIGN (0x4)

.ARM.extab
 *(.ARM.extab* .gnu.linkonce.armextab.*)

.ARM            0x000000000800322c        0x8
                0x000000000800322c                __exidx_start = .
 *(.ARM.exidx*)
 .ARM.exidx     0x000000000800322c        0x8 /home/seradya/toolchains/gcc-arm-none-eabi-10.3-2021.10/bin/../lib/gcc/arm-none-eabi/10.3.1/thumb/v6-m/nofp/libgcc.a(_divdi3.o)
                0x0000000008003234                __exidx_end = .

.rel.dyn        0x0000000008003234        0x0
 .rel.iplt      0x0000000008003234        0x0 /home/seradya/toolchains/gcc-arm-none-eabi-10.3-2021.10/bin/../lib/gcc/arm-none-eabi/10.3.1/thumb/v6-m/nofp/crtbegin.o

.preinit_array  0x0000000008003234        0x0
                0x0000000008003234                PROVIDE (__preinit_array_start = .)
 *(.preinit_array*)
                0x0000000008003234                PROVIDE (__preinit_array_end = .)

.init_array     0x0000000008003234        0x4
                0x0000000008003234                PROVIDE (__init_array_start = .)
 *(SORT_BY_NAME(.init_array.*))
 *(.init_array*)
 .init_array    0x0000000008003234        0x4 /home/seradya/toolchains/gcc-arm-none-eabi-10.3-2021.10/bin/../lib/gcc/arm-none-eabi/10.3.1/thumb/v6-m/nofp/crtbegin.o
                0x0000000008003238                PROVIDE (__init_array_end = .)

.fini_array     0x0000000008003238        0x4
                [!provide]                        PROVIDE (__fini_array_start = .)
 *(SORT_BY_NAME(.fini_array.*))
 *(.fini_array*)
 .fini_array    0x0000000008003238        0x4 /home/seradya/toolchains/gcc-arm-none-eabi-10.3-2021.10/bin/../lib/gcc/arm-none-eabi/10.3.1/thumb/v6-m/nofp/crtbegin.o
                [!provide]                        PROVIDE (__fini_array_end = .)
                0x000000000800323c                _sidata = LOADADDR (.data)

.data           0x0000000020000000        0xc load address 0x000000000800323c
                0x0000000020000000                . = ALIGN (0x4)
                0x0000000020000000                _sdata = .
 *(.data)
 *(.data*)
 .data.TX_ADDRESS
                0x0000000020000000        0x3 build/NRF24.o
                0x0000000020000000                TX_ADDRESS
 .data.uwTickFreq
                0x0000000020000003        0x1 build/stm32f0xx_hal.o
                0x0000000020000003                uwTickFreq
 .data.uwTickPrio
                0x0000000020000004        0x4 build/stm32f0xx_hal.o
                0x0000000020000004                uwTickPrio
 .data.SystemCoreClock
                0x0000000020000008        0x4 build/system_stm32f0xx.o
                0x0000000020000008                SystemCoreClock
                0x000000002000000c                . = ALIGN (0x4)
                0x000000002000000c                _edata = .

.igot.plt       0x000000002000000c        0x0 load address 0x0000000008003248
 .igot.plt      0x000000002000000c        0x0 /home/seradya/toolchains/gcc-arm-none-eabi-10.3-2021.10/bin/../lib/gcc/arm-none-eabi/10.3.1/thumb/v6-m/nofp/crtbegin.o
                0x000000002000000c                . = ALIGN (0x4)

.bss            0x000000002000000c      0x114 load address 0x0000000008003248
                0x000000002000000c                _sbss = .
                0x000000002000000c                __bss_start__ = _sbss
 *(.bss)
 .bss           0x000000002000000c       0x1c /home/seradya/toolchains/gcc-arm-none-eabi-10.3-2021.10/bin/../lib/gcc/arm-none-eabi/10.3.1/thumb/v6-m/nofp/crtbegin.o
 *(.bss*)
 .bss.buf1      0x0000000020000028        0x5 build/main.o
                0x0000000020000028                buf1
 *fill*         0x000000002000002d        0x3 
 .bss.hi2c1     0x0000000020000030       0x54 build/i2c.o
                0x0000000020000030                hi2c1
 .bss.hspi1     0x0000000020000084       0x64 build/spi.o
                0x0000000020000084                hspi1
 .bss.RX_BUF    0x00000000200000e8        0x5 build/NRF24.o
                0x00000000200000e8                RX_BUF
 *fill*         0x00000000200000ed        0x3 
 .bss.CalibData
                0x00000000200000f0       0x24 build/BME280.o
                0x00000000200000f0                CalibData
 .bss.bme280_status
                0x0000000020000114        0x1 build/BME280.o
                0x0000000020000114                bme280_status
 *fill*         0x0000000020000115        0x3 
 .bss.temp_int  0x0000000020000118        0x4 build/BME280.o
                0x0000000020000118                temp_int
 .bss.uwTick    0x000000002000011c        0x4 build/stm32f0xx_hal.o
                0x000000002000011c                uwTick
 *(COMMON)
                0x0000000020000120                . = ALIGN (0x4)
                0x0000000020000120                _ebss = .
                0x0000000020000120                __bss_end__ = _ebss

._user_heap_stack
                0x0000000020000120      0x600 load address 0x0000000008003248
                0x0000000020000120                . = ALIGN (0x8)
                [!provide]                        PROVIDE (end = .)
                [!provide]                        PROVIDE (_end = .)
                0x0000000020000320                . = (. + _Min_Heap_Size)
 *fill*         0x0000000020000120      0x200 
                0x0000000020000720                . = (. + _Min_Stack_Size)
 *fill*         0x0000000020000320      0x400 
                0x0000000020000720                . = ALIGN (0x8)

/DISCARD/
 libc.a(*)
 libm.a(*)
 libgcc.a(*)

.ARM.attributes
                0x0000000000000000       0x28
 *(.ARM.attributes)
 .ARM.attributes
                0x0000000000000000       0x1e /home/seradya/toolchains/gcc-arm-none-eabi-10.3-2021.10/bin/../lib/gcc/arm-none-eabi/10.3.1/thumb/v6-m/nofp/crti.o
 .ARM.attributes
                0x000000000000001e       0x2c /home/seradya/toolchains/gcc-arm-none-eabi-10.3-2021.10/bin/../lib/gcc/arm-none-eabi/10.3.1/thumb/v6-m/nofp/crtbegin.o
 .ARM.attributes
                0x000000000000004a       0x2c build/main.o
 .ARM.attributes
                0x0000000000000076       0x2c build/gpio.o
 .ARM.attributes
                0x00000000000000a2       0x2c build/i2c.o
 .ARM.attributes
                0x00000000000000ce       0x2c build/spi.o
 .ARM.attributes
                0x00000000000000fa       0x2c build/NRF24.o
 .ARM.attributes
                0x0000000000000126       0x2c build/BME280.o
 .ARM.attributes
                0x0000000000000152       0x2c build/stm32f0xx_it.o
 .ARM.attributes
                0x000000000000017e       0x2c build/stm32f0xx_hal_msp.o
 .ARM.attributes
                0x00000000000001aa       0x2c build/stm32f0xx_hal_i2c.o
 .ARM.attributes
                0x00000000000001d6       0x2c build/stm32f0xx_hal_i2c_ex.o
 .ARM.attributes
                0x0000000000000202       0x2c build/stm32f0xx_hal_rcc.o
 .ARM.attributes
                0x000000000000022e       0x2c build/stm32f0xx_hal_rcc_ex.o
 .ARM.attributes
                0x000000000000025a       0x2c build/stm32f0xx_hal.o
 .ARM.attributes
                0x0000000000000286       0x2c build/stm32f0xx_hal_gpio.o
 .ARM.attributes
                0x00000000000002b2       0x2c build/stm32f0xx_hal_cortex.o
 .ARM.attributes
                0x00000000000002de       0x2c build/stm32f0xx_hal_spi.o
 .ARM.attributes
                0x000000000000030a       0x2c build/system_stm32f0xx.o
 .ARM.attributes
                0x0000000000000336       0x21 build/startup_stm32f030x6.o
 .ARM.attributes
                0x0000000000000357       0x2c /home/seradya/toolchains/gcc-arm-none-eabi-10.3-2021.10/bin/../lib/gcc/arm-none-eabi/10.3.1/../../../../arm-none-eabi/lib/thumb/v6-m/nofp/libc_nano.a(lib_a-init.o)
 .ARM.attributes
                0x0000000000000383       0x2c /home/seradya/toolchains/gcc-arm-none-eabi-10.3-2021.10/bin/../lib/gcc/arm-none-eabi/10.3.1/../../../../arm-none-eabi/lib/thumb/v6-m/nofp/libc_nano.a(lib_a-memset.o)
 .ARM.attributes
                0x00000000000003af       0x1e /home/seradya/toolchains/gcc-arm-none-eabi-10.3-2021.10/bin/../lib/gcc/arm-none-eabi/10.3.1/thumb/v6-m/nofp/libgcc.a(_udivsi3.o)
 .ARM.attributes
                0x00000000000003cd       0x1e /home/seradya/toolchains/gcc-arm-none-eabi-10.3-2021.10/bin/../lib/gcc/arm-none-eabi/10.3.1/thumb/v6-m/nofp/libgcc.a(_dvmd_tls.o)
 .ARM.attributes
                0x00000000000003eb       0x1e /home/seradya/toolchains/gcc-arm-none-eabi-10.3-2021.10/bin/../lib/gcc/arm-none-eabi/10.3.1/thumb/v6-m/nofp/libgcc.a(_aeabi_ldivmod.o)
 .ARM.attributes
                0x0000000000000409       0x2c /home/seradya/toolchains/gcc-arm-none-eabi-10.3-2021.10/bin/../lib/gcc/arm-none-eabi/10.3.1/thumb/v6-m/nofp/libgcc.a(_muldi3.o)
 .ARM.attributes
                0x0000000000000435       0x2c /home/seradya/toolchains/gcc-arm-none-eabi-10.3-2021.10/bin/../lib/gcc/arm-none-eabi/10.3.1/thumb/v6-m/nofp/libgcc.a(bpabi.o)
 .ARM.attributes
                0x0000000000000461       0x2c /home/seradya/toolchains/gcc-arm-none-eabi-10.3-2021.10/bin/../lib/gcc/arm-none-eabi/10.3.1/thumb/v6-m/nofp/libgcc.a(divsf3.o)
 .ARM.attributes
                0x000000000000048d       0x2c /home/seradya/toolchains/gcc-arm-none-eabi-10.3-2021.10/bin/../lib/gcc/arm-none-eabi/10.3.1/thumb/v6-m/nofp/libgcc.a(floatsisf.o)
 .ARM.attributes
                0x00000000000004b9       0x1e /home/seradya/toolchains/gcc-arm-none-eabi-10.3-2021.10/bin/../lib/gcc/arm-none-eabi/10.3.1/thumb/v6-m/nofp/libgcc.a(_clzsi2.o)
 .ARM.attributes
                0x00000000000004d7       0x2c /home/seradya/toolchains/gcc-arm-none-eabi-10.3-2021.10/bin/../lib/gcc/arm-none-eabi/10.3.1/thumb/v6-m/nofp/libgcc.a(_divdi3.o)
 .ARM.attributes
                0x0000000000000503       0x1e /home/seradya/toolchains/gcc-arm-none-eabi-10.3-2021.10/bin/../lib/gcc/arm-none-eabi/10.3.1/thumb/v6-m/nofp/libgcc.a(_clzdi2.o)
 .ARM.attributes
                0x0000000000000521       0x1e /home/seradya/toolchains/gcc-arm-none-eabi-10.3-2021.10/bin/../lib/gcc/arm-none-eabi/10.3.1/thumb/v6-m/nofp/crtn.o
OUTPUT(build/AirCompressor.elf elf32-littlearm)
LOAD linker stubs
LOAD /home/seradya/toolchains/gcc-arm-none-eabi-10.3-2021.10/bin/../lib/gcc/arm-none-eabi/10.3.1/../../../../arm-none-eabi/lib/thumb/v6-m/nofp/libc.a
LOAD /home/seradya/toolchains/gcc-arm-none-eabi-10.3-2021.10/bin/../lib/gcc/arm-none-eabi/10.3.1/../../../../arm-none-eabi/lib/thumb/v6-m/nofp/libm.a
LOAD /home/seradya/toolchains/gcc-arm-none-eabi-10.3-2021.10/bin/../lib/gcc/arm-none-eabi/10.3.1/thumb/v6-m/nofp/libgcc.a

.debug_info     0x0000000000000000     0xe641
 .debug_info    0x0000000000000000      0x5e8 build/main.o
 .debug_info    0x00000000000005e8      0x52b build/gpio.o
 .debug_info    0x0000000000000b13      0xad1 build/i2c.o
 .debug_info    0x00000000000015e4      0x9f6 build/spi.o
 .debug_info    0x0000000000001fda     0x15ac build/NRF24.o
 .debug_info    0x0000000000003586     0x1415 build/BME280.o
 .debug_info    0x000000000000499b      0x15c build/stm32f0xx_it.o
 .debug_info    0x0000000000004af7      0x1e0 build/stm32f0xx_hal_msp.o
 .debug_info    0x0000000000004cd7     0x43f8 build/stm32f0xx_hal_i2c.o
 .debug_info    0x00000000000090cf      0x925 build/stm32f0xx_hal_i2c_ex.o
 .debug_info    0x00000000000099f4      0xb28 build/stm32f0xx_hal_rcc.o
 .debug_info    0x000000000000a51c      0x41c build/stm32f0xx_hal_rcc_ex.o
 .debug_info    0x000000000000a938      0x7ca build/stm32f0xx_hal.o
 .debug_info    0x000000000000b102      0x6c0 build/stm32f0xx_hal_gpio.o
 .debug_info    0x000000000000b7c2      0x88e build/stm32f0xx_hal_cortex.o
 .debug_info    0x000000000000c050     0x2313 build/stm32f0xx_hal_spi.o
 .debug_info    0x000000000000e363      0x2bc build/system_stm32f0xx.o
 .debug_info    0x000000000000e61f       0x22 build/startup_stm32f030x6.o

.debug_abbrev   0x0000000000000000     0x22aa
 .debug_abbrev  0x0000000000000000      0x22a build/main.o
 .debug_abbrev  0x000000000000022a      0x180 build/gpio.o
 .debug_abbrev  0x00000000000003aa      0x1f4 build/i2c.o
 .debug_abbrev  0x000000000000059e      0x1e9 build/spi.o
 .debug_abbrev  0x0000000000000787      0x2df build/NRF24.o
 .debug_abbrev  0x0000000000000a66      0x348 build/BME280.o
 .debug_abbrev  0x0000000000000dae       0xa7 build/stm32f0xx_it.o
 .debug_abbrev  0x0000000000000e55       0xc1 build/stm32f0xx_hal_msp.o
 .debug_abbrev  0x0000000000000f16      0x2c1 build/stm32f0xx_hal_i2c.o
 .debug_abbrev  0x00000000000011d7      0x1c6 build/stm32f0xx_hal_i2c_ex.o
 .debug_abbrev  0x000000000000139d      0x280 build/stm32f0xx_hal_rcc.o
 .debug_abbrev  0x000000000000161d      0x1ab build/stm32f0xx_hal_rcc_ex.o
 .debug_abbrev  0x00000000000017c8      0x249 build/stm32f0xx_hal.o
 .debug_abbrev  0x0000000000001a11      0x222 build/stm32f0xx_hal_gpio.o
 .debug_abbrev  0x0000000000001c33      0x2ab build/stm32f0xx_hal_cortex.o
 .debug_abbrev  0x0000000000001ede      0x286 build/stm32f0xx_hal_spi.o
 .debug_abbrev  0x0000000000002164      0x134 build/system_stm32f0xx.o
 .debug_abbrev  0x0000000000002298       0x12 build/startup_stm32f030x6.o

.debug_loc      0x0000000000000000     0xaeda
 .debug_loc     0x0000000000000000       0xde build/main.o
 .debug_loc     0x00000000000000de       0x38 build/gpio.o
 .debug_loc     0x0000000000000116       0xfd build/i2c.o
 .debug_loc     0x0000000000000213       0xed build/spi.o
 .debug_loc     0x0000000000000300      0x67d build/NRF24.o
 .debug_loc     0x000000000000097d      0xb07 build/BME280.o
 .debug_loc     0x0000000000001484       0x40 build/stm32f0xx_it.o
 .debug_loc     0x00000000000014c4       0x20 build/stm32f0xx_hal_msp.o
 .debug_loc     0x00000000000014e4     0x59c4 build/stm32f0xx_hal_i2c.o
 .debug_loc     0x0000000000006ea8      0x1d2 build/stm32f0xx_hal_i2c_ex.o
 .debug_loc     0x000000000000707a      0x72c build/stm32f0xx_hal_rcc.o
 .debug_loc     0x00000000000077a6      0x3e3 build/stm32f0xx_hal_rcc_ex.o
 .debug_loc     0x0000000000007b89      0x1e1 build/stm32f0xx_hal.o
 .debug_loc     0x0000000000007d6a      0x420 build/stm32f0xx_hal_gpio.o
 .debug_loc     0x000000000000818a      0x473 build/stm32f0xx_hal_cortex.o
 .debug_loc     0x00000000000085fd     0x2756 build/stm32f0xx_hal_spi.o
 .debug_loc     0x000000000000ad53      0x187 build/system_stm32f0xx.o

.debug_aranges  0x0000000000000000      0x9c8
 .debug_aranges
                0x0000000000000000       0x38 build/main.o
 .debug_aranges
                0x0000000000000038       0x20 build/gpio.o
 .debug_aranges
                0x0000000000000058       0x30 build/i2c.o
 .debug_aranges
                0x0000000000000088       0x30 build/spi.o
 .debug_aranges
                0x00000000000000b8       0x88 build/NRF24.o
 .debug_aranges
                0x0000000000000140       0xd0 build/BME280.o
 .debug_aranges
                0x0000000000000210       0x48 build/stm32f0xx_it.o
 .debug_aranges
                0x0000000000000258       0x20 build/stm32f0xx_hal_msp.o
 .debug_aranges
                0x0000000000000278      0x2a0 build/stm32f0xx_hal_i2c.o
 .debug_aranges
                0x0000000000000518       0x38 build/stm32f0xx_hal_i2c_ex.o
 .debug_aranges
                0x0000000000000550       0x80 build/stm32f0xx_hal_rcc.o
 .debug_aranges
                0x00000000000005d0       0x30 build/stm32f0xx_hal_rcc_ex.o
 .debug_aranges
                0x0000000000000600       0xd0 build/stm32f0xx_hal.o
 .debug_aranges
                0x00000000000006d0       0x58 build/stm32f0xx_hal_gpio.o
 .debug_aranges
                0x0000000000000728       0x78 build/stm32f0xx_hal_cortex.o
 .debug_aranges
                0x00000000000007a0      0x1d8 build/stm32f0xx_hal_spi.o
 .debug_aranges
                0x0000000000000978       0x28 build/system_stm32f0xx.o
 .debug_aranges
                0x00000000000009a0       0x28 build/startup_stm32f030x6.o

.debug_ranges   0x0000000000000000      0x940
 .debug_ranges  0x0000000000000000       0x28 build/main.o
 .debug_ranges  0x0000000000000028       0x10 build/gpio.o
 .debug_ranges  0x0000000000000038       0x20 build/i2c.o
 .debug_ranges  0x0000000000000058       0x20 build/spi.o
 .debug_ranges  0x0000000000000078       0x78 build/NRF24.o
 .debug_ranges  0x00000000000000f0       0xc0 build/BME280.o
 .debug_ranges  0x00000000000001b0       0x38 build/stm32f0xx_it.o
 .debug_ranges  0x00000000000001e8       0x10 build/stm32f0xx_hal_msp.o
 .debug_ranges  0x00000000000001f8      0x290 build/stm32f0xx_hal_i2c.o
 .debug_ranges  0x0000000000000488       0x28 build/stm32f0xx_hal_i2c_ex.o
 .debug_ranges  0x00000000000004b0       0x88 build/stm32f0xx_hal_rcc.o
 .debug_ranges  0x0000000000000538       0x38 build/stm32f0xx_hal_rcc_ex.o
 .debug_ranges  0x0000000000000570       0xc0 build/stm32f0xx_hal.o
 .debug_ranges  0x0000000000000630       0x48 build/stm32f0xx_hal_gpio.o
 .debug_ranges  0x0000000000000678       0xc8 build/stm32f0xx_hal_cortex.o
 .debug_ranges  0x0000000000000740      0x1c8 build/stm32f0xx_hal_spi.o
 .debug_ranges  0x0000000000000908       0x18 build/system_stm32f0xx.o
 .debug_ranges  0x0000000000000920       0x20 build/startup_stm32f030x6.o

.debug_line     0x0000000000000000     0xba25
 .debug_line    0x0000000000000000      0x36f build/main.o
 .debug_line    0x000000000000036f      0x235 build/gpio.o
 .debug_line    0x00000000000005a4      0x319 build/i2c.o
 .debug_line    0x00000000000008bd      0x303 build/spi.o
 .debug_line    0x0000000000000bc0      0x630 build/NRF24.o
 .debug_line    0x00000000000011f0      0x727 build/BME280.o
 .debug_line    0x0000000000001917      0x1ef build/stm32f0xx_it.o
 .debug_line    0x0000000000001b06      0x164 build/stm32f0xx_hal_msp.o
 .debug_line    0x0000000000001c6a     0x4f7b build/stm32f0xx_hal_i2c.o
 .debug_line    0x0000000000006be5      0x397 build/stm32f0xx_hal_i2c_ex.o
 .debug_line    0x0000000000006f7c      0xb4d build/stm32f0xx_hal_rcc.o
 .debug_line    0x0000000000007ac9      0x483 build/stm32f0xx_hal_rcc_ex.o
 .debug_line    0x0000000000007f4c      0x4fe build/stm32f0xx_hal.o
 .debug_line    0x000000000000844a      0x657 build/stm32f0xx_hal_gpio.o
 .debug_line    0x0000000000008aa1      0x50a build/stm32f0xx_hal_cortex.o
 .debug_line    0x0000000000008fab     0x27e6 build/stm32f0xx_hal_spi.o
 .debug_line    0x000000000000b791      0x21d build/system_stm32f0xx.o
 .debug_line    0x000000000000b9ae       0x77 build/startup_stm32f030x6.o

.debug_str      0x0000000000000000     0x2aaa
 .debug_str     0x0000000000000000      0x47c build/main.o
                                        0x4e3 (size before relaxing)
 .debug_str     0x000000000000047c      0x280 build/gpio.o
                                        0x436 (size before relaxing)
 .debug_str     0x00000000000006fc      0x4c8 build/i2c.o
                                        0x7f5 (size before relaxing)
 .debug_str     0x0000000000000bc4      0x213 build/spi.o
                                        0x6e8 (size before relaxing)
 .debug_str     0x0000000000000dd7      0x1d9 build/NRF24.o
                                        0x7c2 (size before relaxing)
 .debug_str     0x0000000000000fb0      0x31c build/BME280.o
                                        0xa38 (size before relaxing)
 .debug_str     0x00000000000012cc       0x99 build/stm32f0xx_it.o
                                        0x20c (size before relaxing)
 .debug_str     0x0000000000001365       0x29 build/stm32f0xx_hal_msp.o
                                        0x1f6 (size before relaxing)
 .debug_str     0x000000000000138e      0x8c2 build/stm32f0xx_hal_i2c.o
                                        0xfbb (size before relaxing)
 .debug_str     0x0000000000001c50       0xab build/stm32f0xx_hal_i2c_ex.o
                                        0x7b4 (size before relaxing)
 .debug_str     0x0000000000001cfb      0x217 build/stm32f0xx_hal_rcc.o
                                        0x64d (size before relaxing)
 .debug_str     0x0000000000001f12       0x94 build/stm32f0xx_hal_rcc_ex.o
                                        0x3a4 (size before relaxing)
 .debug_str     0x0000000000001fa6      0x25b build/stm32f0xx_hal.o
                                        0x660 (size before relaxing)
 .debug_str     0x0000000000002201       0x9f build/stm32f0xx_hal_gpio.o
                                        0x3ec (size before relaxing)
 .debug_str     0x00000000000022a0      0x275 build/stm32f0xx_hal_cortex.o
                                        0x5ab (size before relaxing)
 .debug_str     0x0000000000002515      0x515 build/stm32f0xx_hal_spi.o
                                        0xbba (size before relaxing)
 .debug_str     0x0000000000002a2a       0x5c build/system_stm32f0xx.o
                                        0x269 (size before relaxing)
 .debug_str     0x0000000000002a86       0x24 build/startup_stm32f030x6.o
                                         0x5e (size before relaxing)

.comment        0x0000000000000000       0x49
 .comment       0x0000000000000000       0x49 build/main.o
                                         0x4a (size before relaxing)
 .comment       0x0000000000000049       0x4a build/gpio.o
 .comment       0x0000000000000049       0x4a build/i2c.o
 .comment       0x0000000000000049       0x4a build/spi.o
 .comment       0x0000000000000049       0x4a build/NRF24.o
 .comment       0x0000000000000049       0x4a build/BME280.o
 .comment       0x0000000000000049       0x4a build/stm32f0xx_it.o
 .comment       0x0000000000000049       0x4a build/stm32f0xx_hal_msp.o
 .comment       0x0000000000000049       0x4a build/stm32f0xx_hal_i2c.o
 .comment       0x0000000000000049       0x4a build/stm32f0xx_hal_i2c_ex.o
 .comment       0x0000000000000049       0x4a build/stm32f0xx_hal_rcc.o
 .comment       0x0000000000000049       0x4a build/stm32f0xx_hal_rcc_ex.o
 .comment       0x0000000000000049       0x4a build/stm32f0xx_hal.o
 .comment       0x0000000000000049       0x4a build/stm32f0xx_hal_gpio.o
 .comment       0x0000000000000049       0x4a build/stm32f0xx_hal_cortex.o
 .comment       0x0000000000000049       0x4a build/stm32f0xx_hal_spi.o
 .comment       0x0000000000000049       0x4a build/system_stm32f0xx.o

.debug_frame    0x0000000000000000     0x1b38
 .debug_frame   0x0000000000000000       0x68 build/main.o
 .debug_frame   0x0000000000000068       0x38 build/gpio.o
 .debug_frame   0x00000000000000a0       0x5c build/i2c.o
 .debug_frame   0x00000000000000fc       0x5c build/spi.o
 .debug_frame   0x0000000000000158      0x1a4 build/NRF24.o
 .debug_frame   0x00000000000002fc      0x238 build/BME280.o
 .debug_frame   0x0000000000000534       0x80 build/stm32f0xx_it.o
 .debug_frame   0x00000000000005b4       0x24 build/stm32f0xx_hal_msp.o
 .debug_frame   0x00000000000005d8      0x8b0 build/stm32f0xx_hal_i2c.o
 .debug_frame   0x0000000000000e88       0x78 build/stm32f0xx_hal_i2c_ex.o
 .debug_frame   0x0000000000000f00      0x138 build/stm32f0xx_hal_rcc.o
 .debug_frame   0x0000000000001038       0x58 build/stm32f0xx_hal_rcc_ex.o
 .debug_frame   0x0000000000001090      0x1ac build/stm32f0xx_hal.o
 .debug_frame   0x000000000000123c       0xc0 build/stm32f0xx_hal_gpio.o
 .debug_frame   0x00000000000012fc       0xe4 build/stm32f0xx_hal_cortex.o
 .debug_frame   0x00000000000013e0      0x5a4 build/stm32f0xx_hal_spi.o
 .debug_frame   0x0000000000001984       0x38 build/system_stm32f0xx.o
 .debug_frame   0x00000000000019bc       0x2c /home/seradya/toolchains/gcc-arm-none-eabi-10.3-2021.10/bin/../lib/gcc/arm-none-eabi/10.3.1/../../../../arm-none-eabi/lib/thumb/v6-m/nofp/libc_nano.a(lib_a-init.o)
 .debug_frame   0x00000000000019e8       0x20 /home/seradya/toolchains/gcc-arm-none-eabi-10.3-2021.10/bin/../lib/gcc/arm-none-eabi/10.3.1/../../../../arm-none-eabi/lib/thumb/v6-m/nofp/libc_nano.a(lib_a-memset.o)
 .debug_frame   0x0000000000001a08       0x20 /home/seradya/toolchains/gcc-arm-none-eabi-10.3-2021.10/bin/../lib/gcc/arm-none-eabi/10.3.1/thumb/v6-m/nofp/libgcc.a(_udivsi3.o)
 .debug_frame   0x0000000000001a28       0x34 /home/seradya/toolchains/gcc-arm-none-eabi-10.3-2021.10/bin/../lib/gcc/arm-none-eabi/10.3.1/thumb/v6-m/nofp/libgcc.a(_muldi3.o)
 .debug_frame   0x0000000000001a5c       0x38 /home/seradya/toolchains/gcc-arm-none-eabi-10.3-2021.10/bin/../lib/gcc/arm-none-eabi/10.3.1/thumb/v6-m/nofp/libgcc.a(bpabi.o)
 .debug_frame   0x0000000000001a94       0x38 /home/seradya/toolchains/gcc-arm-none-eabi-10.3-2021.10/bin/../lib/gcc/arm-none-eabi/10.3.1/thumb/v6-m/nofp/libgcc.a(divsf3.o)
 .debug_frame   0x0000000000001acc       0x30 /home/seradya/toolchains/gcc-arm-none-eabi-10.3-2021.10/bin/../lib/gcc/arm-none-eabi/10.3.1/thumb/v6-m/nofp/libgcc.a(floatsisf.o)
 .debug_frame   0x0000000000001afc       0x3c /home/seradya/toolchains/gcc-arm-none-eabi-10.3-2021.10/bin/../lib/gcc/arm-none-eabi/10.3.1/thumb/v6-m/nofp/libgcc.a(_divdi3.o)

Cross Reference Table

Symbol                                            File
ADC1_IRQHandler                                   build/startup_stm32f030x6.o
AHBPrescTable                                     build/system_stm32f0xx.o
                                                  build/stm32f0xx_hal_rcc.o
APBPrescTable                                     build/system_stm32f0xx.o
                                                  build/stm32f0xx_hal_rcc.o
BME280_GetStatus                                  build/BME280.o
                                                  build/main.o
BME280_Init                                       build/BME280.o
                                                  build/main.o
BME280_ReadAltitude                               build/BME280.o
BME280_ReadCoefficients                           build/BME280.o
BME280_ReadPressure                               build/BME280.o
                                                  build/main.o
BME280_ReadReg                                    build/BME280.o
BME280_ReadReg_BE_U24                             build/BME280.o
BME280_ReadReg_S16                                build/BME280.o
BME280_ReadReg_U16                                build/BME280.o
BME280_ReadReg_U24                                build/BME280.o
BME280_ReadStatus                                 build/BME280.o
BME280_ReadTemperature                            build/BME280.o
BME280_SetFilter                                  build/BME280.o
BME280_SetMode                                    build/BME280.o
BME280_SetOversamplingPressure                    build/BME280.o
BME280_SetOversamplingTemper                      build/BME280.o
BME280_SetStandby                                 build/BME280.o
BME280_WriteReg                                   build/BME280.o
CalibData                                         build/BME280.o
DMA1_Channel1_IRQHandler                          build/startup_stm32f030x6.o
DMA1_Channel2_3_IRQHandler                        build/startup_stm32f030x6.o
DMA1_Channel4_5_IRQHandler                        build/startup_stm32f030x6.o
Default_Handler                                   build/startup_stm32f030x6.o
EXTI0_1_IRQHandler                                build/stm32f0xx_it.o
EXTI2_3_IRQHandler                                build/startup_stm32f030x6.o
EXTI4_15_IRQHandler                               build/startup_stm32f030x6.o
Error                                             build/BME280.o
Error_Handler                                     build/main.o
                                                  build/spi.o
                                                  build/i2c.o
FLASH_IRQHandler                                  build/startup_stm32f030x6.o
FLASH_PageErase                                   build/stm32f0xx_hal_flash_ex.o
                                                  build/stm32f0xx_hal_flash.o
FLASH_WaitForLastOperation                        build/stm32f0xx_hal_flash.o
                                                  build/stm32f0xx_hal_flash_ex.o
HAL_DBGMCU_DisableDBGStandbyMode                  build/stm32f0xx_hal.o
HAL_DBGMCU_DisableDBGStopMode                     build/stm32f0xx_hal.o
HAL_DBGMCU_EnableDBGStandbyMode                   build/stm32f0xx_hal.o
HAL_DBGMCU_EnableDBGStopMode                      build/stm32f0xx_hal.o
HAL_DMA_Abort                                     build/stm32f0xx_hal_dma.o
                                                  build/stm32f0xx_hal_spi.o
HAL_DMA_Abort_IT                                  build/stm32f0xx_hal_dma.o
                                                  build/stm32f0xx_hal_spi.o
                                                  build/stm32f0xx_hal_i2c.o
HAL_DMA_DeInit                                    build/stm32f0xx_hal_dma.o
HAL_DMA_GetError                                  build/stm32f0xx_hal_dma.o
HAL_DMA_GetState                                  build/stm32f0xx_hal_dma.o
                                                  build/stm32f0xx_hal_i2c.o
HAL_DMA_IRQHandler                                build/stm32f0xx_hal_dma.o
HAL_DMA_Init                                      build/stm32f0xx_hal_dma.o
HAL_DMA_PollForTransfer                           build/stm32f0xx_hal_dma.o
HAL_DMA_RegisterCallback                          build/stm32f0xx_hal_dma.o
HAL_DMA_Start                                     build/stm32f0xx_hal_dma.o
HAL_DMA_Start_IT                                  build/stm32f0xx_hal_dma.o
                                                  build/stm32f0xx_hal_spi.o
                                                  build/stm32f0xx_hal_i2c.o
HAL_DMA_UnRegisterCallback                        build/stm32f0xx_hal_dma.o
HAL_DeInit                                        build/stm32f0xx_hal.o
HAL_Delay                                         build/stm32f0xx_hal.o
HAL_EXTI_ClearConfigLine                          build/stm32f0xx_hal_exti.o
HAL_EXTI_ClearPending                             build/stm32f0xx_hal_exti.o
HAL_EXTI_GenerateSWI                              build/stm32f0xx_hal_exti.o
HAL_EXTI_GetConfigLine                            build/stm32f0xx_hal_exti.o
HAL_EXTI_GetHandle                                build/stm32f0xx_hal_exti.o
HAL_EXTI_GetPending                               build/stm32f0xx_hal_exti.o
HAL_EXTI_IRQHandler                               build/stm32f0xx_hal_exti.o
HAL_EXTI_RegisterCallback                         build/stm32f0xx_hal_exti.o
HAL_EXTI_SetConfigLine                            build/stm32f0xx_hal_exti.o
HAL_FLASHEx_Erase                                 build/stm32f0xx_hal_flash_ex.o
HAL_FLASHEx_Erase_IT                              build/stm32f0xx_hal_flash_ex.o
HAL_FLASHEx_OBErase                               build/stm32f0xx_hal_flash_ex.o
HAL_FLASHEx_OBGetConfig                           build/stm32f0xx_hal_flash_ex.o
HAL_FLASHEx_OBGetUserData                         build/stm32f0xx_hal_flash_ex.o
HAL_FLASHEx_OBProgram                             build/stm32f0xx_hal_flash_ex.o
HAL_FLASH_EndOfOperationCallback                  build/stm32f0xx_hal_flash.o
HAL_FLASH_GetError                                build/stm32f0xx_hal_flash.o
HAL_FLASH_IRQHandler                              build/stm32f0xx_hal_flash.o
HAL_FLASH_Lock                                    build/stm32f0xx_hal_flash.o
HAL_FLASH_OB_Launch                               build/stm32f0xx_hal_flash.o
HAL_FLASH_OB_Lock                                 build/stm32f0xx_hal_flash.o
HAL_FLASH_OB_Unlock                               build/stm32f0xx_hal_flash.o
HAL_FLASH_OperationErrorCallback                  build/stm32f0xx_hal_flash.o
HAL_FLASH_Program                                 build/stm32f0xx_hal_flash.o
HAL_FLASH_Program_IT                              build/stm32f0xx_hal_flash.o
HAL_FLASH_Unlock                                  build/stm32f0xx_hal_flash.o
HAL_GPIO_DeInit                                   build/stm32f0xx_hal_gpio.o
                                                  build/spi.o
                                                  build/i2c.o
HAL_GPIO_EXTI_Callback                            build/main.o
HAL_GPIO_EXTI_IRQHandler                          build/stm32f0xx_hal_gpio.o
                                                  build/stm32f0xx_it.o
HAL_GPIO_Init                                     build/stm32f0xx_hal_gpio.o
                                                  build/stm32f0xx_hal_rcc.o
                                                  build/spi.o
                                                  build/i2c.o
                                                  build/gpio.o
HAL_GPIO_LockPin                                  build/stm32f0xx_hal_gpio.o
HAL_GPIO_ReadPin                                  build/stm32f0xx_hal_gpio.o
                                                  build/NRF24.o
HAL_GPIO_TogglePin                                build/stm32f0xx_hal_gpio.o
HAL_GPIO_WritePin                                 build/stm32f0xx_hal_gpio.o
                                                  build/NRF24.o
                                                  build/gpio.o
HAL_GetDEVID                                      build/stm32f0xx_hal.o
HAL_GetHalVersion                                 build/stm32f0xx_hal.o
HAL_GetREVID                                      build/stm32f0xx_hal.o
HAL_GetTick                                       build/stm32f0xx_hal.o
                                                  build/stm32f0xx_hal_spi.o
                                                  build/stm32f0xx_hal_flash.o
                                                  build/stm32f0xx_hal_dma.o
                                                  build/stm32f0xx_hal_rcc_ex.o
                                                  build/stm32f0xx_hal_rcc.o
                                                  build/stm32f0xx_hal_i2c.o
HAL_GetTickFreq                                   build/stm32f0xx_hal.o
HAL_GetTickPrio                                   build/stm32f0xx_hal.o
HAL_GetUIDw0                                      build/stm32f0xx_hal.o
HAL_GetUIDw1                                      build/stm32f0xx_hal.o
HAL_GetUIDw2                                      build/stm32f0xx_hal.o
HAL_I2CEx_ConfigAnalogFilter                      build/stm32f0xx_hal_i2c_ex.o
                                                  build/i2c.o
HAL_I2CEx_ConfigDigitalFilter                     build/stm32f0xx_hal_i2c_ex.o
                                                  build/i2c.o
HAL_I2CEx_DisableFastModePlus                     build/stm32f0xx_hal_i2c_ex.o
HAL_I2CEx_EnableFastModePlus                      build/stm32f0xx_hal_i2c_ex.o
HAL_I2C_AbortCpltCallback                         build/stm32f0xx_hal_i2c.o
HAL_I2C_AddrCallback                              build/stm32f0xx_hal_i2c.o
HAL_I2C_DeInit                                    build/stm32f0xx_hal_i2c.o
HAL_I2C_DisableListen_IT                          build/stm32f0xx_hal_i2c.o
HAL_I2C_ER_IRQHandler                             build/stm32f0xx_hal_i2c.o
HAL_I2C_EV_IRQHandler                             build/stm32f0xx_hal_i2c.o
HAL_I2C_EnableListen_IT                           build/stm32f0xx_hal_i2c.o
HAL_I2C_ErrorCallback                             build/stm32f0xx_hal_i2c.o
HAL_I2C_GetError                                  build/stm32f0xx_hal_i2c.o
HAL_I2C_GetMode                                   build/stm32f0xx_hal_i2c.o
HAL_I2C_GetState                                  build/stm32f0xx_hal_i2c.o
HAL_I2C_Init                                      build/stm32f0xx_hal_i2c.o
                                                  build/i2c.o
HAL_I2C_IsDeviceReady                             build/stm32f0xx_hal_i2c.o
HAL_I2C_ListenCpltCallback                        build/stm32f0xx_hal_i2c.o
HAL_I2C_MasterRxCpltCallback                      build/stm32f0xx_hal_i2c.o
HAL_I2C_MasterTxCpltCallback                      build/stm32f0xx_hal_i2c.o
HAL_I2C_Master_Abort_IT                           build/stm32f0xx_hal_i2c.o
HAL_I2C_Master_Receive                            build/stm32f0xx_hal_i2c.o
HAL_I2C_Master_Receive_DMA                        build/stm32f0xx_hal_i2c.o
HAL_I2C_Master_Receive_IT                         build/stm32f0xx_hal_i2c.o
HAL_I2C_Master_Seq_Receive_DMA                    build/stm32f0xx_hal_i2c.o
HAL_I2C_Master_Seq_Receive_IT                     build/stm32f0xx_hal_i2c.o
HAL_I2C_Master_Seq_Transmit_DMA                   build/stm32f0xx_hal_i2c.o
HAL_I2C_Master_Seq_Transmit_IT                    build/stm32f0xx_hal_i2c.o
HAL_I2C_Master_Transmit                           build/stm32f0xx_hal_i2c.o
HAL_I2C_Master_Transmit_DMA                       build/stm32f0xx_hal_i2c.o
HAL_I2C_Master_Transmit_IT                        build/stm32f0xx_hal_i2c.o
HAL_I2C_MemRxCpltCallback                         build/stm32f0xx_hal_i2c.o
HAL_I2C_MemTxCpltCallback                         build/stm32f0xx_hal_i2c.o
HAL_I2C_Mem_Read                                  build/stm32f0xx_hal_i2c.o
                                                  build/BME280.o
HAL_I2C_Mem_Read_DMA                              build/stm32f0xx_hal_i2c.o
HAL_I2C_Mem_Read_IT                               build/stm32f0xx_hal_i2c.o
HAL_I2C_Mem_Write                                 build/stm32f0xx_hal_i2c.o
                                                  build/BME280.o
HAL_I2C_Mem_Write_DMA                             build/stm32f0xx_hal_i2c.o
HAL_I2C_Mem_Write_IT                              build/stm32f0xx_hal_i2c.o
HAL_I2C_MspDeInit                                 build/i2c.o
HAL_I2C_MspInit                                   build/i2c.o
HAL_I2C_SlaveRxCpltCallback                       build/stm32f0xx_hal_i2c.o
HAL_I2C_SlaveTxCpltCallback                       build/stm32f0xx_hal_i2c.o
HAL_I2C_Slave_Receive                             build/stm32f0xx_hal_i2c.o
HAL_I2C_Slave_Receive_DMA                         build/stm32f0xx_hal_i2c.o
HAL_I2C_Slave_Receive_IT                          build/stm32f0xx_hal_i2c.o
HAL_I2C_Slave_Seq_Receive_DMA                     build/stm32f0xx_hal_i2c.o
HAL_I2C_Slave_Seq_Receive_IT                      build/stm32f0xx_hal_i2c.o
HAL_I2C_Slave_Seq_Transmit_DMA                    build/stm32f0xx_hal_i2c.o
HAL_I2C_Slave_Seq_Transmit_IT                     build/stm32f0xx_hal_i2c.o
HAL_I2C_Slave_Transmit                            build/stm32f0xx_hal_i2c.o
HAL_I2C_Slave_Transmit_DMA                        build/stm32f0xx_hal_i2c.o
HAL_I2C_Slave_Transmit_IT                         build/stm32f0xx_hal_i2c.o
HAL_IncTick                                       build/stm32f0xx_hal.o
                                                  build/stm32f0xx_it.o
HAL_Init                                          build/stm32f0xx_hal.o
                                                  build/main.o
HAL_InitTick                                      build/stm32f0xx_hal.o
                                                  build/stm32f0xx_hal_rcc.o
HAL_MspDeInit                                     build/stm32f0xx_hal.o
HAL_MspInit                                       build/stm32f0xx_hal_msp.o
HAL_NVIC_ClearPendingIRQ                          build/stm32f0xx_hal_cortex.o
HAL_NVIC_DisableIRQ                               build/stm32f0xx_hal_cortex.o
HAL_NVIC_EnableIRQ                                build/stm32f0xx_hal_cortex.o
                                                  build/gpio.o
HAL_NVIC_GetPendingIRQ                            build/stm32f0xx_hal_cortex.o
HAL_NVIC_GetPriority                              build/stm32f0xx_hal_cortex.o
HAL_NVIC_SetPendingIRQ                            build/stm32f0xx_hal_cortex.o
HAL_NVIC_SetPriority                              build/stm32f0xx_hal_cortex.o
                                                  build/stm32f0xx_hal.o
                                                  build/gpio.o
HAL_NVIC_SystemReset                              build/stm32f0xx_hal_cortex.o
HAL_PWR_DeInit                                    build/stm32f0xx_hal_pwr.o
HAL_PWR_DisableBkUpAccess                         build/stm32f0xx_hal_pwr.o
HAL_PWR_DisableSEVOnPend                          build/stm32f0xx_hal_pwr.o
HAL_PWR_DisableSleepOnExit                        build/stm32f0xx_hal_pwr.o
HAL_PWR_DisableWakeUpPin                          build/stm32f0xx_hal_pwr.o
HAL_PWR_EnableBkUpAccess                          build/stm32f0xx_hal_pwr.o
HAL_PWR_EnableSEVOnPend                           build/stm32f0xx_hal_pwr.o
HAL_PWR_EnableSleepOnExit                         build/stm32f0xx_hal_pwr.o
HAL_PWR_EnableWakeUpPin                           build/stm32f0xx_hal_pwr.o
HAL_PWR_EnterSLEEPMode                            build/stm32f0xx_hal_pwr.o
HAL_PWR_EnterSTANDBYMode                          build/stm32f0xx_hal_pwr.o
HAL_PWR_EnterSTOPMode                             build/stm32f0xx_hal_pwr.o
HAL_RCCEx_GetPeriphCLKConfig                      build/stm32f0xx_hal_rcc_ex.o
HAL_RCCEx_GetPeriphCLKFreq                        build/stm32f0xx_hal_rcc_ex.o
HAL_RCCEx_PeriphCLKConfig                         build/stm32f0xx_hal_rcc_ex.o
                                                  build/main.o
HAL_RCC_CSSCallback                               build/stm32f0xx_hal_rcc.o
HAL_RCC_ClockConfig                               build/stm32f0xx_hal_rcc.o
                                                  build/main.o
HAL_RCC_DeInit                                    build/stm32f0xx_hal_rcc.o
HAL_RCC_DisableCSS                                build/stm32f0xx_hal_rcc.o
HAL_RCC_EnableCSS                                 build/stm32f0xx_hal_rcc.o
HAL_RCC_GetClockConfig                            build/stm32f0xx_hal_rcc.o
HAL_RCC_GetHCLKFreq                               build/stm32f0xx_hal_rcc.o
HAL_RCC_GetOscConfig                              build/stm32f0xx_hal_rcc.o
HAL_RCC_GetPCLK1Freq                              build/stm32f0xx_hal_rcc.o
                                                  build/stm32f0xx_hal_rcc_ex.o
HAL_RCC_GetSysClockFreq                           build/stm32f0xx_hal_rcc.o
                                                  build/stm32f0xx_hal_rcc_ex.o
HAL_RCC_MCOConfig                                 build/stm32f0xx_hal_rcc.o
HAL_RCC_NMI_IRQHandler                            build/stm32f0xx_hal_rcc.o
HAL_RCC_OscConfig                                 build/stm32f0xx_hal_rcc.o
                                                  build/main.o
HAL_ResumeTick                                    build/stm32f0xx_hal.o
HAL_SPIEx_FlushRxFifo                             build/stm32f0xx_hal_spi_ex.o
HAL_SPI_Abort                                     build/stm32f0xx_hal_spi.o
HAL_SPI_AbortCpltCallback                         build/stm32f0xx_hal_spi.o
HAL_SPI_Abort_IT                                  build/stm32f0xx_hal_spi.o
HAL_SPI_DMAPause                                  build/stm32f0xx_hal_spi.o
HAL_SPI_DMAResume                                 build/stm32f0xx_hal_spi.o
HAL_SPI_DMAStop                                   build/stm32f0xx_hal_spi.o
HAL_SPI_DeInit                                    build/stm32f0xx_hal_spi.o
HAL_SPI_ErrorCallback                             build/stm32f0xx_hal_spi.o
HAL_SPI_GetError                                  build/stm32f0xx_hal_spi.o
HAL_SPI_GetState                                  build/stm32f0xx_hal_spi.o
HAL_SPI_IRQHandler                                build/stm32f0xx_hal_spi.o
HAL_SPI_Init                                      build/stm32f0xx_hal_spi.o
                                                  build/spi.o
HAL_SPI_MspDeInit                                 build/spi.o
HAL_SPI_MspInit                                   build/spi.o
HAL_SPI_Receive                                   build/stm32f0xx_hal_spi.o
                                                  build/NRF24.o
HAL_SPI_Receive_DMA                               build/stm32f0xx_hal_spi.o
HAL_SPI_Receive_IT                                build/stm32f0xx_hal_spi.o
HAL_SPI_RxCpltCallback                            build/stm32f0xx_hal_spi.o
HAL_SPI_RxHalfCpltCallback                        build/stm32f0xx_hal_spi.o
HAL_SPI_Transmit                                  build/stm32f0xx_hal_spi.o
                                                  build/NRF24.o
HAL_SPI_TransmitReceive                           build/stm32f0xx_hal_spi.o
                                                  build/NRF24.o
HAL_SPI_TransmitReceive_DMA                       build/stm32f0xx_hal_spi.o
HAL_SPI_TransmitReceive_IT                        build/stm32f0xx_hal_spi.o
HAL_SPI_Transmit_DMA                              build/stm32f0xx_hal_spi.o
HAL_SPI_Transmit_IT                               build/stm32f0xx_hal_spi.o
HAL_SPI_TxCpltCallback                            build/stm32f0xx_hal_spi.o
HAL_SPI_TxHalfCpltCallback                        build/stm32f0xx_hal_spi.o
HAL_SPI_TxRxCpltCallback                          build/stm32f0xx_hal_spi.o
HAL_SPI_TxRxHalfCpltCallback                      build/stm32f0xx_hal_spi.o
HAL_SYSTICK_CLKSourceConfig                       build/stm32f0xx_hal_cortex.o
HAL_SYSTICK_Callback                              build/stm32f0xx_hal_cortex.o
HAL_SYSTICK_Config                                build/stm32f0xx_hal_cortex.o
                                                  build/stm32f0xx_hal.o
HAL_SYSTICK_IRQHandler                            build/stm32f0xx_hal_cortex.o
HAL_SetTickFreq                                   build/stm32f0xx_hal.o
HAL_SuspendTick                                   build/stm32f0xx_hal.o
HardFault_Handler                                 build/stm32f0xx_it.o
I2C1_IRQHandler                                   build/startup_stm32f030x6.o
MX_GPIO_Init                                      build/gpio.o
                                                  build/main.o
MX_I2C1_Init                                      build/i2c.o
                                                  build/main.o
MX_SPI1_Init                                      build/spi.o
                                                  build/main.o
NMI_Handler                                       build/stm32f0xx_it.o
NRF24L01_IT                                       build/NRF24.o
                                                  build/main.o
NRF24L01_RX_Mode                                  build/NRF24.o
NRF24L01_Receive                                  build/NRF24.o
NRF24L01_Send                                     build/NRF24.o
NRF24L01_TX_Mode                                  build/NRF24.o
NRF24_FlushRX                                     build/NRF24.o
NRF24_FlushTX                                     build/NRF24.o
NRF24_ReadReg                                     build/NRF24.o
NRF24_Read_Buf                                    build/NRF24.o
NRF24_ToggleFeatures                              build/NRF24.o
NRF24_Transmit                                    build/NRF24.o
NRF24_WriteReg                                    build/NRF24.o
NRF24_Write_Buf                                   build/NRF24.o
NRF24_ini                                         build/NRF24.o
                                                  build/main.o
PendSV_Handler                                    build/stm32f0xx_it.o
RCC_IRQHandler                                    build/startup_stm32f030x6.o
RTC_IRQHandler                                    build/startup_stm32f030x6.o
RX_ADDRESS_P1                                     build/NRF24.o
RX_ADDRESS_P2                                     build/NRF24.o
RX_ADDRESS_P3                                     build/NRF24.o
RX_ADDRESS_P4                                     build/NRF24.o
RX_ADDRESS_P5                                     build/NRF24.o
RX_BUF                                            build/NRF24.o
RX_PL_WID                                         build/NRF24.o
Reset_Handler                                     build/startup_stm32f030x6.o
SPI1_IRQHandler                                   build/startup_stm32f030x6.o
SVC_Handler                                       build/stm32f0xx_it.o
SysTick_Handler                                   build/stm32f0xx_it.o
SystemClock_Config                                build/main.o
SystemCoreClock                                   build/system_stm32f0xx.o
                                                  build/stm32f0xx_hal_spi.o
                                                  build/stm32f0xx_hal.o
                                                  build/stm32f0xx_hal_rcc.o
                                                  build/NRF24.o
SystemCoreClockUpdate                             build/system_stm32f0xx.o
SystemInit                                        build/system_stm32f0xx.o
                                                  build/startup_stm32f030x6.o
TIM14_IRQHandler                                  build/startup_stm32f030x6.o
TIM16_IRQHandler                                  build/startup_stm32f030x6.o
TIM17_IRQHandler                                  build/startup_stm32f030x6.o
TIM1_BRK_UP_TRG_COM_IRQHandler                    build/startup_stm32f030x6.o
TIM1_CC_IRQHandler                                build/startup_stm32f030x6.o
TIM3_IRQHandler                                   build/startup_stm32f030x6.o
TX_ADDRESS                                        build/NRF24.o
USART1_IRQHandler                                 build/startup_stm32f030x6.o
WWDG_IRQHandler                                   build/startup_stm32f030x6.o
__aeabi_fdiv                                      /home/seradya/toolchains/gcc-arm-none-eabi-10.3-2021.10/bin/../lib/gcc/arm-none-eabi/10.3.1/thumb/v6-m/nofp/libgcc.a(divsf3.o)
                                                  build/BME280.o
__aeabi_i2f                                       /home/seradya/toolchains/gcc-arm-none-eabi-10.3-2021.10/bin/../lib/gcc/arm-none-eabi/10.3.1/thumb/v6-m/nofp/libgcc.a(floatsisf.o)
                                                  build/BME280.o
__aeabi_idiv0                                     /home/seradya/toolchains/gcc-arm-none-eabi-10.3-2021.10/bin/../lib/gcc/arm-none-eabi/10.3.1/thumb/v6-m/nofp/libgcc.a(_dvmd_tls.o)
                                                  /home/seradya/toolchains/gcc-arm-none-eabi-10.3-2021.10/bin/../lib/gcc/arm-none-eabi/10.3.1/thumb/v6-m/nofp/libgcc.a(_udivsi3.o)
__aeabi_ldiv0                                     /home/seradya/toolchains/gcc-arm-none-eabi-10.3-2021.10/bin/../lib/gcc/arm-none-eabi/10.3.1/thumb/v6-m/nofp/libgcc.a(_dvmd_tls.o)
                                                  /home/seradya/toolchains/gcc-arm-none-eabi-10.3-2021.10/bin/../lib/gcc/arm-none-eabi/10.3.1/thumb/v6-m/nofp/libgcc.a(_aeabi_ldivmod.o)
__aeabi_ldivmod                                   /home/seradya/toolchains/gcc-arm-none-eabi-10.3-2021.10/bin/../lib/gcc/arm-none-eabi/10.3.1/thumb/v6-m/nofp/libgcc.a(_aeabi_ldivmod.o)
                                                  build/BME280.o
__aeabi_lmul                                      /home/seradya/toolchains/gcc-arm-none-eabi-10.3-2021.10/bin/../lib/gcc/arm-none-eabi/10.3.1/thumb/v6-m/nofp/libgcc.a(_muldi3.o)
                                                  /home/seradya/toolchains/gcc-arm-none-eabi-10.3-2021.10/bin/../lib/gcc/arm-none-eabi/10.3.1/thumb/v6-m/nofp/libgcc.a(bpabi.o)
                                                  build/BME280.o
__aeabi_uidiv                                     /home/seradya/toolchains/gcc-arm-none-eabi-10.3-2021.10/bin/../lib/gcc/arm-none-eabi/10.3.1/thumb/v6-m/nofp/libgcc.a(_udivsi3.o)
                                                  build/system_stm32f0xx.o
                                                  build/stm32f0xx_hal_spi.o
                                                  build/stm32f0xx_hal_dma.o
                                                  build/stm32f0xx_hal.o
                                                  build/stm32f0xx_hal_rcc.o
                                                  build/BME280.o
                                                  build/NRF24.o
__aeabi_uidivmod                                  /home/seradya/toolchains/gcc-arm-none-eabi-10.3-2021.10/bin/../lib/gcc/arm-none-eabi/10.3.1/thumb/v6-m/nofp/libgcc.a(_udivsi3.o)
__bss_end__                                       /home/seradya/toolchains/gcc-arm-none-eabi-10.3-2021.10/bin/../lib/gcc/arm-none-eabi/10.3.1/../../../../arm-none-eabi/lib/thumb/v6-m/nofp/crt0.o
__bss_start__                                     /home/seradya/toolchains/gcc-arm-none-eabi-10.3-2021.10/bin/../lib/gcc/arm-none-eabi/10.3.1/../../../../arm-none-eabi/lib/thumb/v6-m/nofp/crt0.o
__call_exitprocs                                  /home/seradya/toolchains/gcc-arm-none-eabi-10.3-2021.10/bin/../lib/gcc/arm-none-eabi/10.3.1/../../../../arm-none-eabi/lib/thumb/v6-m/nofp/libc_nano.a(lib_a-exit.o)
__clzdi2                                          /home/seradya/toolchains/gcc-arm-none-eabi-10.3-2021.10/bin/../lib/gcc/arm-none-eabi/10.3.1/thumb/v6-m/nofp/libgcc.a(_clzdi2.o)
                                                  /home/seradya/toolchains/gcc-arm-none-eabi-10.3-2021.10/bin/../lib/gcc/arm-none-eabi/10.3.1/thumb/v6-m/nofp/libgcc.a(_divdi3.o)
__clzsi2                                          /home/seradya/toolchains/gcc-arm-none-eabi-10.3-2021.10/bin/../lib/gcc/arm-none-eabi/10.3.1/thumb/v6-m/nofp/libgcc.a(_clzsi2.o)
                                                  /home/seradya/toolchains/gcc-arm-none-eabi-10.3-2021.10/bin/../lib/gcc/arm-none-eabi/10.3.1/thumb/v6-m/nofp/libgcc.a(_clzdi2.o)
                                                  /home/seradya/toolchains/gcc-arm-none-eabi-10.3-2021.10/bin/../lib/gcc/arm-none-eabi/10.3.1/thumb/v6-m/nofp/libgcc.a(floatsisf.o)
                                                  /home/seradya/toolchains/gcc-arm-none-eabi-10.3-2021.10/bin/../lib/gcc/arm-none-eabi/10.3.1/thumb/v6-m/nofp/libgcc.a(divsf3.o)
__deregister_frame_info                           /home/seradya/toolchains/gcc-arm-none-eabi-10.3-2021.10/bin/../lib/gcc/arm-none-eabi/10.3.1/thumb/v6-m/nofp/crtbegin.o
__divdi3                                          /home/seradya/toolchains/gcc-arm-none-eabi-10.3-2021.10/bin/../lib/gcc/arm-none-eabi/10.3.1/thumb/v6-m/nofp/libgcc.a(_divdi3.o)
                                                  /home/seradya/toolchains/gcc-arm-none-eabi-10.3-2021.10/bin/../lib/gcc/arm-none-eabi/10.3.1/thumb/v6-m/nofp/libgcc.a(bpabi.o)
__dso_handle                                      /home/seradya/toolchains/gcc-arm-none-eabi-10.3-2021.10/bin/../lib/gcc/arm-none-eabi/10.3.1/thumb/v6-m/nofp/crtbegin.o
__gnu_ldivmod_helper                              /home/seradya/toolchains/gcc-arm-none-eabi-10.3-2021.10/bin/../lib/gcc/arm-none-eabi/10.3.1/thumb/v6-m/nofp/libgcc.a(bpabi.o)
                                                  /home/seradya/toolchains/gcc-arm-none-eabi-10.3-2021.10/bin/../lib/gcc/arm-none-eabi/10.3.1/thumb/v6-m/nofp/libgcc.a(_aeabi_ldivmod.o)
__init_array_end                                  /home/seradya/toolchains/gcc-arm-none-eabi-10.3-2021.10/bin/../lib/gcc/arm-none-eabi/10.3.1/../../../../arm-none-eabi/lib/thumb/v6-m/nofp/libc_nano.a(lib_a-init.o)
__init_array_start                                /home/seradya/toolchains/gcc-arm-none-eabi-10.3-2021.10/bin/../lib/gcc/arm-none-eabi/10.3.1/../../../../arm-none-eabi/lib/thumb/v6-m/nofp/libc_nano.a(lib_a-init.o)
__libc_fini_array                                 /home/seradya/toolchains/gcc-arm-none-eabi-10.3-2021.10/bin/../lib/gcc/arm-none-eabi/10.3.1/../../../../arm-none-eabi/lib/thumb/v6-m/nofp/crt0.o
__libc_init_array                                 /home/seradya/toolchains/gcc-arm-none-eabi-10.3-2021.10/bin/../lib/gcc/arm-none-eabi/10.3.1/../../../../arm-none-eabi/lib/thumb/v6-m/nofp/libc_nano.a(lib_a-init.o)
                                                  build/startup_stm32f030x6.o
                                                  /home/seradya/toolchains/gcc-arm-none-eabi-10.3-2021.10/bin/../lib/gcc/arm-none-eabi/10.3.1/../../../../arm-none-eabi/lib/thumb/v6-m/nofp/crt0.o
__muldi3                                          /home/seradya/toolchains/gcc-arm-none-eabi-10.3-2021.10/bin/../lib/gcc/arm-none-eabi/10.3.1/thumb/v6-m/nofp/libgcc.a(_muldi3.o)
__preinit_array_end                               /home/seradya/toolchains/gcc-arm-none-eabi-10.3-2021.10/bin/../lib/gcc/arm-none-eabi/10.3.1/../../../../arm-none-eabi/lib/thumb/v6-m/nofp/libc_nano.a(lib_a-init.o)
__preinit_array_start                             /home/seradya/toolchains/gcc-arm-none-eabi-10.3-2021.10/bin/../lib/gcc/arm-none-eabi/10.3.1/../../../../arm-none-eabi/lib/thumb/v6-m/nofp/libc_nano.a(lib_a-init.o)
__register_frame_info                             /home/seradya/toolchains/gcc-arm-none-eabi-10.3-2021.10/bin/../lib/gcc/arm-none-eabi/10.3.1/thumb/v6-m/nofp/crtbegin.o
__sf_fake_stderr                                  /home/seradya/toolchains/gcc-arm-none-eabi-10.3-2021.10/bin/../lib/gcc/arm-none-eabi/10.3.1/../../../../arm-none-eabi/lib/thumb/v6-m/nofp/libc_nano.a(lib_a-impure.o)
__sf_fake_stdin                                   /home/seradya/toolchains/gcc-arm-none-eabi-10.3-2021.10/bin/../lib/gcc/arm-none-eabi/10.3.1/../../../../arm-none-eabi/lib/thumb/v6-m/nofp/libc_nano.a(lib_a-impure.o)
__sf_fake_stdout                                  /home/seradya/toolchains/gcc-arm-none-eabi-10.3-2021.10/bin/../lib/gcc/arm-none-eabi/10.3.1/../../../../arm-none-eabi/lib/thumb/v6-m/nofp/libc_nano.a(lib_a-impure.o)
__stack                                           /home/seradya/toolchains/gcc-arm-none-eabi-10.3-2021.10/bin/../lib/gcc/arm-none-eabi/10.3.1/../../../../arm-none-eabi/lib/thumb/v6-m/nofp/crt0.o
__udivsi3                                         /home/seradya/toolchains/gcc-arm-none-eabi-10.3-2021.10/bin/../lib/gcc/arm-none-eabi/10.3.1/thumb/v6-m/nofp/libgcc.a(_udivsi3.o)
_ebss                                             build/startup_stm32f030x6.o
_edata                                            build/startup_stm32f030x6.o
_estack                                           build/startup_stm32f030x6.o
_exit                                             /home/seradya/toolchains/gcc-arm-none-eabi-10.3-2021.10/bin/../lib/gcc/arm-none-eabi/10.3.1/../../../../arm-none-eabi/lib/thumb/v6-m/nofp/libnosys.a(_exit.o)
                                                  /home/seradya/toolchains/gcc-arm-none-eabi-10.3-2021.10/bin/../lib/gcc/arm-none-eabi/10.3.1/../../../../arm-none-eabi/lib/thumb/v6-m/nofp/libc_nano.a(lib_a-exit.o)
_fini                                             /home/seradya/toolchains/gcc-arm-none-eabi-10.3-2021.10/bin/../lib/gcc/arm-none-eabi/10.3.1/thumb/v6-m/nofp/crti.o
_global_impure_ptr                                /home/seradya/toolchains/gcc-arm-none-eabi-10.3-2021.10/bin/../lib/gcc/arm-none-eabi/10.3.1/../../../../arm-none-eabi/lib/thumb/v6-m/nofp/libc_nano.a(lib_a-impure.o)
                                                  /home/seradya/toolchains/gcc-arm-none-eabi-10.3-2021.10/bin/../lib/gcc/arm-none-eabi/10.3.1/../../../../arm-none-eabi/lib/thumb/v6-m/nofp/libc_nano.a(lib_a-exit.o)
_impure_ptr                                       /home/seradya/toolchains/gcc-arm-none-eabi-10.3-2021.10/bin/../lib/gcc/arm-none-eabi/10.3.1/../../../../arm-none-eabi/lib/thumb/v6-m/nofp/libc_nano.a(lib_a-impure.o)
_init                                             /home/seradya/toolchains/gcc-arm-none-eabi-10.3-2021.10/bin/../lib/gcc/arm-none-eabi/10.3.1/thumb/v6-m/nofp/crti.o
                                                  /home/seradya/toolchains/gcc-arm-none-eabi-10.3-2021.10/bin/../lib/gcc/arm-none-eabi/10.3.1/../../../../arm-none-eabi/lib/thumb/v6-m/nofp/libc_nano.a(lib_a-init.o)
_mainCRTStartup                                   /home/seradya/toolchains/gcc-arm-none-eabi-10.3-2021.10/bin/../lib/gcc/arm-none-eabi/10.3.1/../../../../arm-none-eabi/lib/thumb/v6-m/nofp/crt0.o
_sbss                                             build/startup_stm32f030x6.o
_sdata                                            build/startup_stm32f030x6.o
_sidata                                           build/startup_stm32f030x6.o
_stack_init                                       /home/seradya/toolchains/gcc-arm-none-eabi-10.3-2021.10/bin/../lib/gcc/arm-none-eabi/10.3.1/../../../../arm-none-eabi/lib/thumb/v6-m/nofp/crt0.o
_start                                            /home/seradya/toolchains/gcc-arm-none-eabi-10.3-2021.10/bin/../lib/gcc/arm-none-eabi/10.3.1/../../../../arm-none-eabi/lib/thumb/v6-m/nofp/crt0.o
atexit                                            /home/seradya/toolchains/gcc-arm-none-eabi-10.3-2021.10/bin/../lib/gcc/arm-none-eabi/10.3.1/../../../../arm-none-eabi/lib/thumb/v6-m/nofp/crt0.o
bme280_status                                     build/BME280.o
buf1                                              build/main.o
                                                  build/NRF24.o
exit                                              /home/seradya/toolchains/gcc-arm-none-eabi-10.3-2021.10/bin/../lib/gcc/arm-none-eabi/10.3.1/../../../../arm-none-eabi/lib/thumb/v6-m/nofp/libc_nano.a(lib_a-exit.o)
                                                  /home/seradya/toolchains/gcc-arm-none-eabi-10.3-2021.10/bin/../lib/gcc/arm-none-eabi/10.3.1/../../../../arm-none-eabi/lib/thumb/v6-m/nofp/crt0.o
g_pfnVectors                                      build/startup_stm32f030x6.o
hardware_init_hook                                /home/seradya/toolchains/gcc-arm-none-eabi-10.3-2021.10/bin/../lib/gcc/arm-none-eabi/10.3.1/../../../../arm-none-eabi/lib/thumb/v6-m/nofp/crt0.o
hi2c1                                             build/i2c.o
                                                  build/BME280.o
hspi1                                             build/spi.o
                                                  build/NRF24.o
main                                              build/main.o
                                                  build/startup_stm32f030x6.o
                                                  /home/seradya/toolchains/gcc-arm-none-eabi-10.3-2021.10/bin/../lib/gcc/arm-none-eabi/10.3.1/../../../../arm-none-eabi/lib/thumb/v6-m/nofp/crt0.o
memset                                            /home/seradya/toolchains/gcc-arm-none-eabi-10.3-2021.10/bin/../lib/gcc/arm-none-eabi/10.3.1/../../../../arm-none-eabi/lib/thumb/v6-m/nofp/libc_nano.a(lib_a-memset.o)
                                                  build/spi.o
                                                  build/i2c.o
                                                  build/gpio.o
                                                  build/main.o
                                                  /home/seradya/toolchains/gcc-arm-none-eabi-10.3-2021.10/bin/../lib/gcc/arm-none-eabi/10.3.1/../../../../arm-none-eabi/lib/thumb/v6-m/nofp/crt0.o
pFlash                                            build/stm32f0xx_hal_flash.o
                                                  build/stm32f0xx_hal_flash_ex.o
software_init_hook                                /home/seradya/toolchains/gcc-arm-none-eabi-10.3-2021.10/bin/../lib/gcc/arm-none-eabi/10.3.1/../../../../arm-none-eabi/lib/thumb/v6-m/nofp/crt0.o
str1                                              build/main.o
temp_int                                          build/BME280.o
uwTick                                            build/stm32f0xx_hal.o
uwTickFreq                                        build/stm32f0xx_hal.o
uwTickPrio                                        build/stm32f0xx_hal.o
                                                  build/stm32f0xx_hal_rcc.o
